******************************************************************************
               TMS320C6x Linker PC v8.2.3                      
******************************************************************************
>> Linked Wed Sep 12 13:39:24 2018

OUTPUT FILE NAME:   <MCASP_test.out>
ENTRY POINT SYMBOL: "_c_int00"  address: c3055e80


MEMORY CONFIGURATION

         name            origin    length      used     unused   attr    fill
----------------------  --------  ---------  --------  --------  ----  --------
  IROM                  11700000   00100000  00000000  00100000  R  X
  IRAM                  11800000   00040000  00000000  00040000  RW X
  L3_CBA_RAM            80000000   00020000  00000000  00020000  RW X
  DDR                   c3000000   01000000  000a02ac  00f5fd54  RWIX


SEGMENT ALLOCATION MAP

run origin  load origin   length   init length attrs members
----------  ----------- ---------- ----------- ----- -------
c3000000    c3000000    00034d00   00000000    rw-
  c3000000    c3000000    00034cea   00000000    rw- .far
  c3034cf0    c3034cf0    00000010   00000000    rw- .fardata.1
c3034d00    c3034d00    00026a40   00026a40    r-x
  c3034d00    c3034d00    00026a40   00026a40    r-x .text
c305b740    c305b740    0003fce8   00000000    rw-
  c305b740    c305b740    00020000   00000000    rw- .stack
  c307b740    c307b740    0001fce8   00000000    rw- .fardata.2
c309b428    c309b428    00003670   00003670    r--
  c309b428    c309b428    000034d6   000034d6    r-- .const
  c309e900    c309e900    00000198   00000198    r-- .switch
c309ea98    c309ea98    00000120   00000000    rw-
  c309ea98    c309ea98    00000120   00000000    rw- .cio
c309ec00    c309ec00    00000200   00000200    r-x
  c309ec00    c309ec00    00000200   00000200    r-x .vecs
c309ee00    c309ee00    00000090   00000000    rw-
  c309ee00    c309ee00    00000028   00000000    rw- .bss
  c309ee28    c309ee28    00000068   00000000    rw- .neardata
c309ee90    c309ee90    00000014   00000000    r--
  c309ee90    c309ee90    00000014   00000000    r-- .rodata
c309eea8    c309eea8    00001458   00001458    r--
  c309eea8    c309eea8    00001458   00001458    r-- .cinit


SECTION ALLOCATION MAP

 output                                  attributes/
section   page    origin      length       input sections
--------  ----  ----------  ----------   ----------------
.stack     0    c305b740    00020000     UNINITIALIZED
                  c305b740    00000008     boot.ae674 : boot.oe674 (.stack)
                  c305b748    0001fff8     --HOLE--

.bss       0    c309ee00    00000028     UNINITIALIZED
                  c309ee00    00000004     (.common:dsp_num)
                  c309ee04    00000004     (.common:hAicChannel)
                  c309ee08    00000004     (.common:hAicDev)
                  c309ee0c    00000004     (.common:hEdma)
                  c309ee10    00000004     (.common:hMcaspDev)
                  c309ee14    00000004     (.common:hMcaspRxChan)
                  c309ee18    00000004     (.common:hMcaspTxChan)
                  c309ee1c    00000004     (.common:region_id)
                  c309ee20    00000004     (.common:semR)
                  c309ee24    00000004     (.common:semT)

.neardata 
*          0    c309ee28    00000068     UNINITIALIZED
                  c309ee28    00000028     ADC_sampletask.obj (.neardata)
                  c309ee50    00000018     ti.osal.ae674 : Utils_tirtos.oe674 (.neardata)
                  c309ee68    00000010     codec_if.obj (.neardata)
                  c309ee78    00000008     edma3_lld_drv_sample.ae674 : sample_omapl138_int_reg.oe674 (.neardata)
                  c309ee80    00000008     ti.drv.mcasp.ae674 : mcasp_drv.oe674 (.neardata)
                  c309ee88    00000004     ti.drv.i2c.ae674 : I2C_drv.oe674 (.neardata)
                  c309ee8c    00000004     ti.drv.uart.ae674 : UART_drv.oe674 (.neardata)

.rodata    0    c309ee90    00000014     UNINITIALIZED
                  c309ee90    00000008     app_mcasp_pe674.oe674 (.rodata)
                  c309ee98    00000008     edma3_lld_drv_sample.ae674 : sample_omapl138_cfg.oe674 (.rodata)
                  c309eea0    00000004     edma3_lld_rm.ae674 : edma3_rm_gbl_data.oe674 (.rodata)

.cinit     0    c309eea8    00001458     
                  c309eea8    000013c3     (.cinit..fardata.2.load) [load image, compression = rle]
                  c30a026b    0000001a     (.cinit..rodata.load) [load image, compression = rle]
                  c30a0285    00000016     (.cinit..fardata.1.load) [load image, compression = rle]
                  c30a029b    00000015     (.cinit..neardata.load) [load image, compression = rle]
                  c30a02b0    0000000d     (.cinit..far.load) [load image, compression = rle]
                  c30a02bd    00000009     (.cinit..bss.load) [load image, compression = rle]
                  c30a02c6    00000002     --HOLE-- [fill = 0]
                  c30a02c8    00000008     (__TI_handler_table)
                  c30a02d0    00000030     (__TI_cinit_table)

.init_array 
*          0    c3000000    00000000     UNINITIALIZED

.far       0    c3000000    00034cea     UNINITIALIZED
                  c3000000    00030d40     (.common:ti_sysbios_heaps_HeapMem_Instance_State_0_buf__A)
                  c3030d40    00002000     (.common:ti_sysbios_heaps_HeapMem_Instance_State_1_buf__A)
                  c3032d40    00001000     app_mcasp_pe674.oe674 (.far:taskStackSection)
                  c3033d40    00000360     (.common:Mcasp_Instances)
                  c30340a0    00000200     (.common:xdc_runtime_LoggerBuf_Instance_State_0_entryArr__A)
                  c30342a0    00000200     (.common:xdc_runtime_SysMin_Module_State_0_outbuf__A)
                  c30344a0    00000198     (.common:UartObjects)
                  c3034638    00000140     (.common:__TI_tmpnams)
                  c3034778    000000b4     (.common:mcaspParams)
                  c303482c    00000004     --HOLE--
                  c3034830    00000098     (.common:I2cObjects)
                  c30348c8    00000088     (.common:Mcasp_loopDstBuf)
                  c3034950    00000088     (.common:Mcasp_loopSrcBuf)
                  c30349d8    00000088     (.common:Mcasp_muteBuf)
                  c3034a60    00000084     my_aic31.obj (.far:Aic31_Instances)
                  c3034ae4    00000004     --HOLE--
                  c3034ae8    00000044     (.common:Mcasp_deviceInstInfo)
                  c3034b2c    00000004     --HOLE--
                  c3034b30    00000040     (.common:rxFrame)
                  c3034b70    00000040     (.common:txFrame)
                  c3034bb0    00000024     (.common:params)
                  c3034bd4    00000020     (.common:eb)
                  c3034bf4    00000004     --HOLE--
                  c3034bf8    00000014     (.common:edma3_dma_ch_max_val)
                  c3034c0c    00000004     --HOLE--
                  c3034c10    00000014     (.common:edma3_link_ch_max_val)
                  c3034c24    00000004     --HOLE--
                  c3034c28    00000014     (.common:edma3_link_ch_min_val)
                  c3034c3c    00000004     --HOLE--
                  c3034c40    00000014     (.common:edma3_log_ch_max_val)
                  c3034c54    00000004     --HOLE--
                  c3034c58    00000014     (.common:edma3_qdma_ch_max_val)
                  c3034c6c    00000004     --HOLE--
                  c3034c70    00000014     (.common:edma3_qdma_ch_min_val)
                  c3034c84    00000004     --HOLE--
                  c3034c88    00000010     (.common:isrInstanceObject)
                  c3034c98    00000008     (.common:errCbStatusRcv)
                  c3034ca0    00000008     (.common:errCbStatusXmt)
                  c3034ca8    00000008     (.common:parmbuf)
                  c3034cb0    00000008     (.common:rxbuf)
                  c3034cb8    00000008     (.common:txbuf)
                  c3034cc0    00000008     (.common:uart_stdio)
                  c3034cc8    00000008     ti.drv.mcasp.ae674 : mcasp_drv.oe674 (.far:gHwiHandle$0)
                  c3034cd0    00000004     (.common:Aic31_deviceInstInfo)
                  c3034cd4    00000004     --HOLE--
                  c3034cd8    00000003     (.common:slaveData)
                  c3034cdb    00000005     --HOLE--
                  c3034ce0    00000002     (.common:inUse)
                  c3034ce2    00000006     --HOLE--
                  c3034ce8    00000002     my_aic31.obj (.far:inUse)

.fardata.1 
*          0    c3034cf0    00000010     UNINITIALIZED
                  c3034cf0    00000010     edma3_lld_rm.ae674 : edma3_rm_gbl_data.oe674 (.fardata:.edma3Globals:init)

.fardata.2 
*          0    c307b740    0001fce8     UNINITIALIZED
                  c307b740    0000df38     edma3_lld_drv.ae674 : edma3_drv_init.oe674 (.fardata:.edma3Globals:uninit)
                  c3089678    00007998     edma3_lld_rm.ae674 : edma3resmgr.oe674 (.fardata:.edma3Globals:uninit)
                  c3091010    000056e0                        : edma3_rm_gbl_data.oe674 (.fardata:.edma3Globals:uninit)
                  c30966f0    00000e38                        : edma3_omapl138_cfg.oe674 (.fardata:edma3GblCfgParams)
                  c3097528    00000d20                        : edma3_omapl138_cfg.oe674 (.fardata:defInstInitConfig)
                  c3098248    00000b40     ti.osal.ae674 : SemaphoreP_tirtos.oe674 (.fardata:gOsalSemPTiRtosPool$0)
                  c3098d88    00000a80     edma3_lld_drv_sample.ae674 : sample_omapl138_cfg.oe674 (.fardata:sampleInstInitConfig)
                  c3099808    000005b0                                : sample_omapl138_cfg.oe674 (.fardata:sampleEdma3GblCfgParams)
                  c3099db8    00000500     ti.osal.ae674 : HwiP_tirtos.oe674 (.fardata:gOsalHwiPTiRtosPool$0)
                  c309a2b8    00000400     app_mcasp_pe674.oe674 (.fardata:ti_sysbios_family_c64p_EventCombiner_Module__state__V)
                  c309a6b8    000001e0     rts6740_elf.lib : defs.obj (.fardata:_ftable)
                  c309a898    000000f0     mcasp_cfg.obj (.fardata:mcasp_chanparam)
                  c309a988    000000f0     ti.drv.uart.ae674 : UART_soc.oe674 (.fardata:uartInitCfg)
                  c309aa78    000000a0     rts6740_elf.lib : write.obj (.fardata:_stream)
                  c309ab18    00000098     app_mcasp_pe674.oe674 (.fardata:ti_sysbios_knl_Task_Object__table__V)
                  c309abb0    00000080     app_mcasp_pe674.oe674 (.fardata:ti_sysbios_knl_Swi_Module_State_0_readyQ__A)
                  c309ac30    00000080     app_mcasp_pe674.oe674 (.fardata:ti_sysbios_knl_Task_Module_State_0_readyQ__A)
                  c309acb0    00000078     rts6740_elf.lib : write.obj (.fardata:_device)
                  c309ad28    00000078     app_mcasp_pe674.oe674 (.fardata:ti_sysbios_family_c64p_Hwi_Object__table__V)
                  c309ada0    0000006c     app_mcasp_pe674.oe674 (.fardata:ti_sysbios_family_c64p_Hwi_Module__state__V)
                  c309ae0c    00000004     my_aic31.obj (.fardata:Aic31_module)
                  c309ae10    00000062     edma3_lld_rm.ae674 : edma3resmgr.oe674 (.fardata:.edma3Globals:init)
                  c309ae72    00000006     app_mcasp_pe674.oe674 (.fardata:xdc_runtime_LoggerBuf_Module__state__V)
                  c309ae78    00000060     app_mcasp_pe674.oe674 (.fardata:ti_sysbios_timers_timer64_Timer_Module_State_0_device__A)
                  c309aed8    00000050     app_mcasp_pe674.oe674 (.fardata:ti_sysbios_timers_timer64_Timer_Object__table__V)
                  c309af28    00000048     I2C_soc.obj (.fardata:i2cInitCfg)
                  c309af70    00000044     app_mcasp_pe674.oe674 (.fardata:ti_sysbios_knl_Task_Module__state__V)
                  c309afb4    00000004     rts6740_elf.lib : _lock.obj (.fardata:_lock)
                  c309afb8    00000040     edma3_lld_drv_sample.ae674 : sample_omapl138_cfg.oe674 (.fardata:ccXferCompInt)
                  c309aff8    00000040                                : sample_omapl138_cfg.oe674 (.fardata:hwIntTcErr)
                  c309b038    00000040                                : sample_omapl138_cfg.oe674 (.fardata:tcErrorInt)
                  c309b078    00000040     app_mcasp_pe674.oe674 (.fardata:ti_sysbios_gates_GateMutex_Object__table__V)
                  c309b0b8    00000030     app_mcasp_pe674.oe674 (.fardata:ti_sysbios_family_c64p_Exception_Module__state__V)
                  c309b0e8    00000030     app_mcasp_pe674.oe674 (.fardata:ti_sysbios_heaps_HeapMem_Object__table__V)
                  c309b118    00000030     app_mcasp_pe674.oe674 (.fardata:ti_sysbios_knl_Swi_Object__table__V)
                  c309b148    0000002c     ti.osal.ae674 : Utils_tirtos.oe674 (.fardata:gOsal_HwAttrs)
                  c309b174    0000002c     app_mcasp_pe674.oe674 (.fardata:ti_sysbios_knl_Clock_Module__state__V)
                  c309b1a0    00000028     mcasp_cfg.obj (.fardata:mcaspRcvSetup)
                  c309b1c8    00000028     mcasp_cfg.obj (.fardata:mcaspXmtSetup)
                  c309b1f0    00000024     app_mcasp_pe674.oe674 (.fardata:ti_sysbios_BIOS_Module__state__V)
                  c309b214    00000004     rts6740_elf.lib : _lock.obj (.fardata:_unlock)
                  c309b218    00000024     app_mcasp_pe674.oe674 (.fardata:xdc_runtime_LoggerBuf_Object__table__V)
                  c309b23c    00000004     rts6740_elf.lib : defs.obj (.fardata)
                  c309b240    00000020     edma3_lld_drv_sample.ae674 : sample_omapl138_int_reg.oe674 (.fardata:ptrEdma3TcIsrHandler)
                  c309b260    00000020     app_mcasp_pe674.oe674 (.fardata:ti_sysbios_io_DEV_Module_State_0_table__A)
                  c309b280    00000020     app_mcasp_pe674.oe674 (.fardata:ti_sysbios_timers_timer64_Timer_Module_State_0_gctrl__A)
                  c309b2a0    00000020     app_mcasp_pe674.oe674 (.fardata:ti_sysbios_timers_timer64_Timer_Module_State_0_handles__A)
                  c309b2c0    00000020     app_mcasp_pe674.oe674 (.fardata:ti_sysbios_timers_timer64_Timer_Module_State_0_intFreqs__A)
                  c309b2e0    00000020     app_mcasp_pe674.oe674 (.fardata:xdc_runtime_Error_IgnoreBlock)
                  c309b300    00000020     app_mcasp_pe674.oe674 (.fardata:xdc_runtime_System_Module_State_0_atexitHandlers__A)
                  c309b320    0000001c     app_mcasp_pe674.oe674 (.fardata:ti_sysbios_knl_Swi_Module__state__V)
                  c309b33c    00000018     app_mcasp_pe674.oe674 (.fardata:ti_sysbios_timers_timer64_Timer_Module__state__V)
                  c309b354    00000010     ADC_sampletask.obj (.fardata:AIC31_con8000)
                  c309b364    0000000c     rts6740_elf.lib : exit.obj (.fardata)
                  c309b370    0000000c     app_mcasp_pe674.oe674 (.fardata:xdc_runtime_SysMin_Module__state__V)
                  c309b37c    00000008     ti.drv.mcasp.ae674 : mcasp_drv.oe674 (.fardata:Mcasp_module)
                  c309b384    00000004     app_mcasp_pe674.oe674 (.fardata:ti_sysbios_family_c64p_Cache_Module__state__V)
                  c309b388    00000008     edma3_lld_drv_sample.ae674 : sample_omapl138_cfg.oe674 (.fardata:ccErrorInt)
                  c309b390    00000008                                : sample_omapl138_cfg.oe674 (.fardata:hwIntCcErr)
                  c309b398    00000008                                : sample_omapl138_cfg.oe674 (.fardata:hwIntXferComp)
                  c309b3a0    00000008                                : sample_omapl138_cfg.oe674 (.fardata:numEdma3Tc)
                  c309b3a8    00000008                                : sample_omapl138_cfg.oe674 (.fardata:semHandle)
                  c309b3b0    00000008     app_mcasp_pe674.oe674 (.fardata:ti_sysbios_family_c64p_Hwi_Module__root__V)
                  c309b3b8    00000008     app_mcasp_pe674.oe674 (.fardata:ti_sysbios_family_c64p_primus_TimerSupport_Module_State_0_suspSrc__A)
                  c309b3c0    00000008     app_mcasp_pe674.oe674 (.fardata:ti_sysbios_gates_GateHwi_Module__root__V)
                  c309b3c8    00000008     app_mcasp_pe674.oe674 (.fardata:ti_sysbios_gates_GateMutex_Module__root__V)
                  c309b3d0    00000008     app_mcasp_pe674.oe674 (.fardata:ti_sysbios_hal_Hwi_Object__table__V)
                  c309b3d8    00000008     app_mcasp_pe674.oe674 (.fardata:ti_sysbios_heaps_HeapMem_Module__root__V)
                  c309b3e0    00000008     app_mcasp_pe674.oe674 (.fardata:ti_sysbios_knl_Queue_Module__root__V)
                  c309b3e8    00000008     app_mcasp_pe674.oe674 (.fardata:ti_sysbios_knl_Semaphore_Module__root__V)
                  c309b3f0    00000008     app_mcasp_pe674.oe674 (.fardata:xdc_runtime_LoggerBuf_Module__root__V)
                  c309b3f8    00000008     app_mcasp_pe674.oe674 (.fardata:xdc_runtime_Registry_Module__state__V)
                  c309b400    00000008     app_mcasp_pe674.oe674 (.fardata:xdc_runtime_Startup_Module__state__V)
                  c309b408    00000008     app_mcasp_pe674.oe674 (.fardata:xdc_runtime_System_Module__state__V)
                  c309b410    00000004     app_mcasp_pe674.oe674 (.fardata:ti_sysbios_family_c64p_primus_TimerSupport_Module__state__V)
                  c309b414    00000004     app_mcasp_pe674.oe674 (.fardata:ti_sysbios_io_DEV_Module__state__V)
                  c309b418    00000004     app_mcasp_pe674.oe674 (.fardata:ti_sysbios_gates_GateHwi_Object__table__V)
                  c309b41c    00000004     app_mcasp_pe674.oe674 (.fardata:xdc_runtime_Memory_Module__state__V)
                  c309b420    00000004     app_mcasp_pe674.oe674 (.fardata:ti_sysbios_knl_Task_Module_State_0_idleTask__A)
                  c309b424    00000002     edma3_lld_drv.ae674 : edma3_drv_init.oe674 (.fardata:.edma3Globals:init)
                  c309b426    00000002     app_mcasp_pe674.oe674 (.fardata:xdc_runtime_Error_Module__state__V)

.vecs      0    c309ec00    00000200     
                  c309ec00    00000200     app_mcasp_pe674.oe674 (.vecs)

xdc.meta   0    c3000000    000000f8     COPY SECTION
                  c3000000    000000f8     app_mcasp_pe674.oe674 (xdc.meta)

.text      0    c3034d00    00026a40     
                  c3034d00    00001b60     my_aic31.obj (.text)
                  c3036860    00001540     ti.drv.mcasp.ae674 : mcasp_drv.oe674 (.text:mcaspCreateChan)
                  c3037da0    00001100                        : mcasp_edma.oe674 (.text:Mcasp_localEdmaChanPaRAMsetup)
                  c3038ea0    00000c40     edma3_lld_rm.ae674 : edma3resmgr.oe674 (.text:EDMA3_RM_allocResource)
                  c3039ae0    00000c20     edma3_lld_drv.ae674 : edma3_drv_basic.oe674 (.text:EDMA3_DRV_requestChannel)
                  c303a700    00000a40     ti.drv.i2c.ae674 : I2C_v0.oe674 (.text:I2C_v0_hwiFxn$0)
                  c303b140    00000980     ADC_sampletask.obj (.text)
                  c303bac0    000008e0     ti.drv.mcasp.ae674 : mcasp_edma.oe674 (.text:Mcasp_localEdmaCallback)
                  c303c3a0    000008a0     ti.targets.rts6000.ae674 : System.oe674 (.text:xdc_runtime_System_doPrint__I)
                  c303cc40    000007c0     sysbios.ae674 : BIOS.obj (.text:ti_sysbios_knl_Semaphore_pend__E)
                  c303d400    00000780                   : BIOS.obj (.text:ti_sysbios_family_c64p_Exception_handler__I)
                  c303db80    000006e0     edma3_lld_rm.ae674 : edma3resmgr.oe674 (.text:edma3CCErrHandler)
                  c303e260    000006e0     sysbios.ae674 : BIOS.obj (.text:ti_sysbios_timers_timer64_Timer_Module_startup__E)
                  c303e940    000006c0     ti.drv.uart.ae674 : UART_v0.oe674 (.text:UART_v0_hwiIntFxn$0)
                  c303f000    00000680     edma3_lld_rm.ae674 : edma3resmgr.oe674 (.text:EDMA3_RM_open)
                  c303f680    00000640     ti.drv.i2c.ae674 : I2C_v0.oe674 (.text:I2C_primeTransfer_v0$0)
                  c303fcc0    00000640     my_aic3106_if.obj (.text)
                  c3040300    00000640     sysbios.ae674 : BIOS.obj (.text:ti_sysbios_heaps_HeapMem_allocUnprotected__E)
                  c3040940    000005c0     ti.drv.mcasp.ae674 : mcasp_drv.oe674 (.text:mcaspBindDev)
                  c3040f00    000005a0     sysbios.ae674 : BIOS.obj (.text:ti_sysbios_heaps_HeapMem_freeUnprotected__E)
                  c30414a0    00000560     ti.drv.mcasp.ae674 : mcasp_drv.oe674 (.text:Mcasp_localAbortReset)
                  c3041a00    00000560                        : mcasp_drv.oe674 (.text:mcaspIsrOutput)
                  c3041f60    00000520                        : mcasp_drv.oe674 (.text:mcaspIsrInput)
                  c3042480    000004e0                        : mcasp_edma.oe674 (.text:Mcasp_localGetIndicesSyncType)
                  c3042960    000004c0     edma3_lld_rm.ae674 : edma3resmgr.oe674 (.text:edma3TCErrHandler)
                  c3042e20    000004c0     sysbios.ae674 : BIOS.obj (.text:ti_sysbios_knl_Task_sleep__E)
                  c30432e0    00000460     ti.board.ae674 : lcdkOMAPL138_pinmux.oe674 (.text:Board_pinmuxConfig)
                  c3043740    00000440     edma3_lld_rm.ae674 : edma3resmgr.oe674 (.text:EDMA3_RM_freeResource)
                  c3043b80    00000440     ti.drv.i2c.ae674 : I2C_v0.oe674 (.text:I2C_open_v0$0)
                  c3043fc0    00000440     ti.drv.uart.ae674 : UART_v0.oe674 (.text:UART_open_v0$0)
                  c3044400    00000420     ti.drv.mcasp.ae674 : mcasp_edma.oe674 (.text:Mcasp_localUpdtDtPktToLnkPrms)
                  c3044820    00000420     ti.drv.uart.ae674 : UART_v0.oe674 (.text:UART_write2_v0$0)
                  c3044c40    00000400     edma3_lld_rm.ae674 : edma3resmgr.oe674 (.text:EDMA3_RM_create)
                  c3045040    00000400     ti.drv.uart.ae674 : UART_v0.oe674 (.text:UART_read2_v0$0)
                  c3045440    000003e0     rts6740_elf.lib : fputs.obj (.text:fputs)
                  c3045820    000003a0     ti.drv.mcasp.ae674 : mcasp_drv.oe674 (.text:Mcasp_localConfigXmtSection)
                  c3045bc0    000003a0                        : mcasp_drv.oe674 (.text:mcaspDeleteChan)
                  c3045f60    000003a0     sysbios.ae674 : BIOS.obj (.text:ti_sysbios_knl_Task_Module_startup__E)
                  c3046300    00000380     ti.drv.mcasp.ae674 : mcasp_drv.oe674 (.text:mcaspRegisterInt)
                  c3046680    00000360                        : mcasp_drv.oe674 (.text:Mcasp_localSetupHwInfo)
                  c30469e0    00000340                        : mcasp_drv.oe674 (.text:Mcasp_localConfigRcvSection)
                  c3046d20    00000340     edma3_lld_rm.ae674 : edma3resmgr.oe674 (.text:edma3ComplHandler)
                  c3047060    00000320     edma3_lld_drv.ae674 : edma3_drv_basic.oe674 (.text:EDMA3_DRV_freeChannel)
                  c3047380    00000320     codec_if.obj (.text)
                  c30476a0    00000320     sysbios.ae674 : BIOS.obj (.text:ti_sysbios_timers_timer64_Timer_deviceConfig__I)
                  c30479c0    00000300     edma3_lld_drv.ae674 : edma3_drv_init.oe674 (.text:edma3OpenResMgr)
                  c3047cc0    00000300     mcasp_soc.obj (.text)
                  c3047fc0    000002e0     ti.board.ae674 : lcdkOMAPL138_pll.oe674 (.text:Board_CorePLLConfig)
                  c30482a0    000002c0     edma3_lld_drv.ae674 : edma3_drv_basic.oe674 (.text:EDMA3_DRV_disableTransfer)
                  c3048560    000002c0                         : edma3_drv_init.oe674 (.text:EDMA3_DRV_open)
                  c3048820    000002c0                         : edma3_drv_basic.oe674 (.text:edma3RemoveMapping)
                  c3048ae0    000002c0     ti.drv.mcasp.ae674 : mcasp_drv.oe674 (.text:mcaspSubmitReq)
                  c3048da0    000002c0     sysbios.ae674 : BIOS.obj (.text:ti_sysbios_heaps_HeapMem_Instance_init__E)
                  c3049060    000002c0     ti.targets.rts6000.ae674 : LoggerBuf.oe674 (.text:xdc_runtime_LoggerBuf_write8__E)
                  c3049320    000002a0     ti.board.ae674 : lcdkOMAPL138_pll.oe674 (.text:Board_DDRPLLConfig)
                  c30495c0    000002a0     ti.drv.mcasp.ae674 : mcasp_drv.oe674 (.text:Mcasp_localLoadPktToEdma)
                  c3049860    000002a0     sysbios.ae674 : BIOS.obj (.text:ti_sysbios_knl_Clock_workFunc__E)
                  c3049b00    00000280     edma3_lld_drv.ae674 : edma3_drv_init.oe674 (.text:EDMA3_DRV_create)
                  c3049d80    00000280                         : edma3_drv_basic.oe674 (.text:EDMA3_DRV_enableTransfer)
                  c304a000    00000280     sysbios.ae674 : BIOS.obj (.text:ti_sysbios_family_c64p_Cache_Module_startup__E)
                  c304a280    00000280                   : BIOS.obj (.text:ti_sysbios_knl_Semaphore_post__E)
                  c304a500    00000260     rts6740_elf.lib : imath64.obj (.text:__c6xabi_divull)
                  c304a760    00000260     sysbios.ae674 : BIOS.obj (.text:ti_sysbios_family_c64p_Cache_block__I)
                  c304a9c0    00000260                   : BIOS.obj (.text:ti_sysbios_family_c64p_Hwi_dispatchCore__I)
                  c304ac20    00000260     ti.targets.rts6000.ae674 : Startup.oe674 (.text:xdc_runtime_Startup_startMods__I)
                  c304ae80    00000240     ti.board.ae674 : lcdkOMAPL138_clock.oe674 (.text:Board_moduleClockEnable)
                  c304b0c0    00000240     sysbios.ae674 : BIOS.obj (.text:ti_sysbios_family_c64p_EventCombiner_dispatch__E)
                  c304b300    00000240                   : BIOS.obj (.text:ti_sysbios_family_c64p_Exception_internalHandler__I)
                  c304b540    00000240                   : BIOS.obj (.text:ti_sysbios_timers_timer64_Timer_setPeriodMicroSecs__E)
                  c304b780    00000240     ti.targets.rts6000.ae674 : Core-mem.oe674 (.text:xdc_runtime_Core_createObject__I)
                  c304b9c0    00000240     app_mcasp_pe674.oe674 (.text:xdc_runtime_System_printfExtend__I)
                  c304bc00    00000220     ti.drv.i2c.ae674 : I2C_v0.oe674 (.text:I2C_transfer_v0$0)
                  c304be20    00000220     rts6740_elf.lib : setvbuf.obj (.text:setvbuf)
                  c304c040    00000220     sysbios.ae674 : BIOS.obj (.text:ti_sysbios_family_c64p_Hwi_reconfig__E)
                  c304c260    00000220                   : BIOS.obj (.text:ti_sysbios_knl_Swi_run__I)
                  c304c480    00000200     edma3_lld_drv.ae674 : edma3_drv_adv.oe674 (.text:EDMA3_DRV_getPaRAMField)
                  c304c680    00000200     ti.osal.ae674 : SemaphoreP_tirtos.oe674 (.text:SemaphoreP_create)
                  c304c880    00000200     ti.drv.uart.ae674 : UART_v0.oe674 (.text:UART_readPolling_v0$0)
                  c304ca80    00000200     sysbios.ae674 : c64p_Hwi_disp_always.obj (.text:_ti_sysbios_family_c64p_Hwi_dispatchAlways)
                  c304cc80    00000200     ti.drv.mcasp.ae674 : mcasp_drv.oe674 (.text:mcaspBitSetGblRCtl)
                  c304ce80    00000200                        : mcasp_drv.oe674 (.text:mcaspBitSetGblXCtl)
                  c304d080    00000200     sysbios.ae674 : BIOS.obj (.text:ti_sysbios_family_c64p_EventCombiner_dispatchPlug__E)
                  c304d280    00000200     ti.targets.rts6000.ae674 : Error.oe674 (.text:xdc_runtime_Error_policyDefault__E)
                  c304d480    000001e0     ti.board.ae674 : lcdkOMAPL138_clock.oe674 (.text:Board_moduleClockSyncReset)
                  c304d660    000001e0     ti.osal.ae674 : HwiP_tirtos.oe674 (.text:HwiP_create)
                  c304d840    000001e0     sysbios.ae674 : BIOS.obj (.text:ti_sysbios_gates_GateMutex_enter__E)
                  c304da20    000001e0                   : BIOS.obj (.text:ti_sysbios_knl_Task_exit__E)
                  c304dc00    000001e0     ti.targets.rts6000.ae674 : LoggerBuf.oe674 (.text:xdc_runtime_LoggerBuf_write4__E)
                  c304dde0    000001e0                              : Text.oe674 (.text:xdc_runtime_Text_putSite__E)
                  c304dfc0    000001c0     edma3_lld_drv.ae674 : edma3_drv_adv.oe674 (.text:EDMA3_DRV_linkChannel)
                  c304e180    000001c0     ti.drv.mcasp.ae674 : mcasp_drv.oe674 (.text:Mcasp_localCancelAndAbortAllIo)
                  c304e340    000001c0     edma3_lld_rm.ae674 : edma3resmgr.oe674 (.text:edma3ShadowRegionInit)
                  c304e500    000001c0     sysbios.ae674 : BIOS.obj (.text:ti_sysbios_io_DEV_postInit__I)
                  c304e6c0    000001c0                   : BIOS.obj (.text:ti_sysbios_timers_timer64_Timer_getFreq__E)
                  c304e880    000001a0     rts6740_elf.lib : hostrename.obj (.text:HOSTrename)
                  c304ea20    000001a0     ti.drv.mcasp.ae674 : mcasp_drv.oe674 (.text:Mcasp_localCollectRcvErrorStats)
                  c304ebc0    000001a0                        : mcasp_drv.oe674 (.text:Mcasp_localCollectXmtErrorStats)
                  c304ed60    000001a0                        : mcasp_edma.oe674 (.text:Mcasp_localSetupEdmaDuringOpen)
                  c304ef00    000001a0     edma3_lld_drv_sample.ae674 : sample_init.oe674 (.text:edma3init)
                  c304f0a0    000001a0     ti.drv.mcasp.ae674 : mcasp_drv.oe674 (.text:mcaspSubmitChan)
                  c304f240    000001a0     sysbios.ae674 : BIOS.obj (.text:ti_sysbios_family_c64p_Cache_getL2InitSize__I)
                  c304f3e0    000001a0                   : BIOS.obj (.text:ti_sysbios_timers_timer64_Timer_start__E)
                  c304f580    000001a0     ti.targets.rts6000.ae674 : Core-smem.oe674 (.text:xdc_runtime_Core_constructObject__I)
                  c304f720    00000180     ti.board.ae674 : lcdkOMAPL138_ddr.oe674 (.text:Board_DDR3Init)
                  c304f8a0    00000180     edma3_lld_drv.ae674 : edma3_drv_adv.oe674 (.text:EDMA3_DRV_getPaRAM)
                  c304fa20    00000180     edma3_lld_rm.ae674 : edma3resmgr.oe674 (.text:EDMA3_RM_registerTccCb)
                  c304fba0    00000180                        : edma3resmgr.oe674 (.text:EDMA3_RM_unregisterTccCb)
                  c304fd20    00000180     ti.drv.mcasp.ae674 : mcasp_drv.oe674 (.text:Mcasp_localEdmaProcessPkt)
                  c304fea0    00000180     edma3_lld_rm.ae674 : edma3resmgr.oe674 (.text:edma3GlobalRegionInit)
                  c3050020    00000180     ti.drv.mcasp.ae674 : mcasp_drv.oe674 (.text:mcaspUnRegisterInt)
                  c30501a0    00000180     sysbios.ae674 : c64p_Exception_asm.obj (.text)
                  c3050320    00000180                   : BIOS.obj (.text:ti_sysbios_knl_Task_schedule__I)
                  c30504a0    00000180                   : BIOS.obj (.text:ti_sysbios_knl_Task_startCore__E)
                  c3050620    00000160     ti.board.ae674 : lcdkOMAPL138.oe674 (.text:Board_init)
                  c3050780    00000160     ti.osal.ae674 : RegisterIntr_tirtos.oe674 (.text:Osal_RegisterInterrupt)
                  c30508e0    00000160     ti.drv.mcasp.ae674 : mcasp_drv.oe674 (.text:mcaspBitRemoveGblXCtl)
                  c3050a40    00000160     edma3_lld_drv_sample.ae674 : sample_omapl138_int_reg.oe674 (.text:registerEdma3Interrupts)
                  c3050ba0    00000160     sysbios.ae674 : BIOS.obj (.text:ti_sysbios_knl_Swi_post__E)
                  c3050d00    00000160     ti.targets.rts6000.ae674 : Text.oe674 (.text:xdc_runtime_Text_putMod__E)
                  c3050e60    00000140     edma3_lld_drv.ae674 : edma3_drv_adv.oe674 (.text:EDMA3_DRV_setPaRAM)
                  c3050fa0    00000140     ti.drv.mcasp.ae674 : mcasp_drv.oe674 (.text:Mcasp_localIsrSwiFxn)
                  c30510e0    00000140     rts6740_elf.lib : fclose.obj (.text:__TI_closefile)
                  c3051220    00000140                     : fflush.obj (.text:fflush)
                  c3051360    00000140                     : getdevice.obj (.text:getdevice)
                  c30514a0    00000140     ti.drv.mcasp.ae674 : mcasp_drv.oe674 (.text:mcaspBitRemoveGblRCtl)
                  c30515e0    00000140                        : mcasp_drv.oe674 (.text:mcaspWriteChanStatRam)
                  c3051720    00000140                        : mcasp_drv.oe674 (.text:mcaspWriteUserDataRam)
                  c3051860    00000140     sysbios.ae674 : BIOS.obj (.text:ti_sysbios_family_c64p_Cache_getL1DInitSize__I)
                  c30519a0    00000140                   : BIOS.obj (.text:ti_sysbios_family_c64p_Cache_getL1PInitSize__I)
                  c3051ae0    00000140                   : BIOS.obj (.text:ti_sysbios_family_c64p_Hwi_Module_startup__E)
                  c3051c20    00000140                   : BIOS.obj (.text:ti_sysbios_knl_Semaphore_Instance_init__E)
                  c3051d60    00000140                   : BIOS.obj (.text:ti_sysbios_knl_Task_blockI__E)
                  c3051ea0    00000140     ti.targets.rts6000.ae674 : Core-mem.oe674 (.text:xdc_runtime_Core_deleteObject__I)
                  c3051fe0    00000140                              : LoggerBuf.oe674 (.text:xdc_runtime_LoggerBuf_setFilterLevel__E)
                  c3052120    00000140                              : Text.oe674 (.text:xdc_runtime_Text_putLab__E)
                  c3052260    00000120     ti.board.ae674 : lcdkOMAPL138_pinmux.oe674 (.text:Board_configEmifPinMux)
                  c3052380    00000120     ti.csl.ae674 : csl_chip.oe674 (.text:CSL_chipReadReg)
                  c30524a0    00000120     boot.ae674 : autoinit.oe674 (.text:_auto_init_elf)
                  c30525c0    00000120     edma3_lld_rm.ae674 : edma3resmgr.oe674 (.text:edma3MemCpy)
                  c30526e0    00000120     rts6740_elf.lib : fseek.obj (.text:fseek)
                  c3052800    00000120     main_mcasp.obj (.text)
                  c3052920    00000120     sysbios.ae674 : BIOS.obj (.text:ti_sysbios_family_c64p_Hwi_Instance_init__E)
                  c3052a40    00000120                   : BIOS.obj (.text:ti_sysbios_knl_Task_unblockI__E)
                  c3052b60    00000120     ti.targets.rts6000.ae674 : LoggerBuf.oe674 (.text:xdc_runtime_LoggerBuf_getFilterLevel__E)
                  c3052c80    00000100     ti.board.ae674 : lcdkOMAPL138_clock.oe674 (.text:Board_moduleClockInit)
                  c3052d80    00000100     edma3_lld_drv.ae674 : edma3_drv_basic.oe674 (.text:EDMA3_DRV_clearErrorBits)
                  c3052e80    00000100     ti.osal.ae674 : EventCombinerP_tirtos.oe674 (.text:EventCombinerP_GroupRegisterInt)
                  c3052f80    00000100     ti.drv.i2c.ae674 : I2C_v0.oe674 (.text:I2C_close_v0$0)
                  c3053080    00000100     ti.drv.uart.ae674 : UART_v0.oe674 (.text:UART_writePolling_v0$0)
                  c3053180    00000100     rts6740_elf.lib : copy_decompress_rle.obj (.text:__TI_decompress_rle_core)
                  c3053280    00000100                     : _io_perm.obj (.text:__TI_wrt_ok)
                  c3053380    00000100     ti.drv.mcasp.ae674 : mcasp_drv.oe674 (.text:mcaspValidateBufferConfig)
                  c3053480    00000100     sysbios.ae674 : BIOS.obj (.text:ti_sysbios_family_c64p_Hwi_Instance_finalize__E)
                  c3053580    00000100                   : BIOS.obj (.text:ti_sysbios_knl_Swi_restoreHwi__E)
                  c3053680    00000100                   : BIOS.obj (.text:ti_sysbios_knl_Swi_schedule__I)
                  c3053780    00000100                   : BIOS.obj (.text:ti_sysbios_timers_timer64_Timer_initDevice__I)
                  c3053880    00000100     ti.targets.rts6000.ae674 : Error.oe674 (.text:xdc_runtime_Error_print__E)
                  c3053980    00000100                              : Memory.oe674 (.text:xdc_runtime_Memory_alloc__E)
                  c3053a80    00000100                              : Startup.oe674 (.text:xdc_runtime_Startup_exec__E)
                  c3053b80    000000e0     edma3_lld_drv.ae674 : edma3_drv_adv.oe674 (.text:EDMA3_DRV_getPaRAMPhyAddr)
                  c3053c60    000000e0     rts6740_elf.lib : hostlseek.obj (.text:HOSTlseek)
                  c3053d40    000000e0                     : hostopen.obj (.text:HOSTopen)
                  c3053e20    000000e0                     : hostwrite.obj (.text:HOSTwrite)
                  c3053f00    000000e0     I2C_soc.obj (.text)
                  c3053fe0    000000e0     ti.drv.mcasp.ae674 : mcasp_ioctl.oe674 (.text:Mcasp_localAbortRequests)
                  c30540c0    000000e0                        : mcasp_drv.oe674 (.text:Mcasp_localCompleteCurrentIo)
                  c30541a0    000000e0     ti.drv.uart.ae674 : UART_v0.oe674 (.text:UART_close_v0$0)
                  c3054280    000000e0                       : UART_v0.oe674 (.text:UART_read_v0$0)
                  c3054360    000000e0                       : UART_v0.oe674 (.text:UART_write_v0$0)
                  c3054440    000000e0     rts6740_elf.lib : divi.obj (.text:__divi)
                  c3054520    000000e0                     : close.obj (.text:close)
                  c3054600    000000e0                     : exit.obj (.text:exit)
                  c30546e0    000000e0                     : memset.obj (.text:memset)
                  c30547c0    000000e0     sysbios.ae674 : BIOS.obj (.text:ti_sysbios_heaps_HeapMem_alloc__E)
                  c30548a0    000000e0                   : BIOS.obj (.text:ti_sysbios_knl_Swi_runLoop__I)
                  c3054980    000000e0                   : BIOS.obj (.text:ti_sysbios_knl_Swi_startup__E)
                  c3054a60    000000e0                   : BIOS.obj (.text:ti_sysbios_timers_timer64_Timer_startup__E)
                  c3054b40    000000e0     ti.targets.rts6000.ae674 : Text.oe674 (.text:xdc_runtime_Text_visitRope2__I)
                  c3054c20    000000c0     rts6740_elf.lib : hostread.obj (.text:HOSTread)
                  c3054ce0    000000c0                     : hostunlink.obj (.text:HOSTunlink)
                  c3054da0    000000c0     ti.osal.ae674 : Utils_tirtos.oe674 (.text:Osal_delay)
                  c3054e60    000000c0     ti.drv.uart.ae674 : UART_v0.oe674 (.text:UART_charPut$0)
                  c3054f20    000000c0                       : UART_v0.oe674 (.text:UART_readCancelNoCB$0)
                  c3054fe0    000000c0     rts6740_elf.lib : fflush.obj (.text:__TI_doflush)
                  c30550a0    000000c0                     : divu.obj (.text:__divu)
                  c3055160    000000c0     edma3_lld_rm.ae674 : edma3resmgr.oe674 (.text:edma3MemZero)
                  c3055220    000000c0     edma3_lld_drv_sample.ae674 : sample_cs.oe674 (.text:edma3OsProtectEntry)
                  c30552e0    000000c0     sysbios.ae674 : BIOS.obj (.text:ti_sysbios_heaps_HeapMem_getStats__E)
                  c30553a0    000000c0                   : BIOS.obj (.text:ti_sysbios_knl_Clock_logTick__E)
                  c3055460    000000c0     rts6740_elf.lib : tls.obj (.text:tls:init:__TI_tls_init)
                  c3055520    000000c0     ti.targets.rts6000.ae674 : Assert.oe674 (.text:xdc_runtime_Assert_raise__I)
                  c30555e0    000000c0                              : Error.oe674 (.text:xdc_runtime_Error_setX__E)
                  c30556a0    000000c0     app_mcasp_pe674.oe674 (.text:xdc_runtime_LoggerBuf_Object__create__S)
                  c3055760    000000c0     ti.targets.rts6000.ae674 : SysMin.oe674 (.text:xdc_runtime_SysMin_abort__E)
                  c3055820    000000c0                              : SysMin.oe674 (.text:xdc_runtime_SysMin_flush__E)
                  c30558e0    000000a0     rts6740_elf.lib : hostclose.obj (.text:HOSTclose)
                  c3055980    000000a0     ti.drv.i2c.ae674 : I2C_drv.oe674 (.text:I2C_init)
                  c3055a20    000000a0     ti.osal.ae674 : RegisterIntr_tirtos.oe674 (.text:Osal_DeleteInterrupt)
                  c3055ac0    000000a0     ti.drv.uart.ae674 : UART_drv.oe674 (.text:UART_init)
                  c3055b60    000000a0                       : UART_stdio.oe674 (.text:UART_stdioInit)
                  c3055c00    000000a0                       : UART_v0.oe674 (.text:UART_v0_callback$0)
                  c3055ca0    000000a0                       : UART_v0.oe674 (.text:UART_writeCancelNoCB$0)
                  c3055d40    000000a0     rts6740_elf.lib : fopen.obj (.text:__TI_cleanup)
                  c3055de0    000000a0                     : remu.obj (.text:__remu)
                  c3055e80    000000a0     boot.ae674 : boot.oe674 (.text:_c_int00)
                  c3055f20    000000a0     sysbios.ae674 : c64p_Hwi_asm.obj (.text:_ti_sysbios_family_c64p_Hwi_plug__E)
                  c3055fc0    000000a0     rts6740_elf.lib : memcpy64.obj (.text:memcpy)
                  c3056060    000000a0     sysbios.ae674 : BIOS.obj (.text:ti_sysbios_family_c64p_Exception_Module_startup__E)
                  c3056100    000000a0     app_mcasp_pe674.oe674 (.text:ti_sysbios_family_c64p_Hwi_construct)
                  c30561a0    000000a0     sysbios.ae674 : BIOS.obj (.text:ti_sysbios_family_c64p_Hwi_dispatchC__I)
                  c3056240    000000a0                   : BIOS.obj (.text:ti_sysbios_family_c64p_Hwi_eventMap__E)
                  c30562e0    000000a0                   : BIOS.obj (.text:ti_sysbios_family_c64p_Hwi_getStackInfo__E)
                  c3056380    000000a0                   : BIOS.obj (.text:ti_sysbios_heaps_HeapMem_init__I)
                  c3056420    000000a0                   : BIOS.obj (.text:ti_sysbios_knl_Task_allBlockedFunction__I)
                  c30564c0    000000a0                   : BIOS.obj (.text:ti_sysbios_timers_timer64_Timer_stop__E)
                  c3056560    000000a0     ti.targets.rts6000.ae674 : Core-params.oe674 (.text:xdc_runtime_Core_assignParams__I)
                  c3056600    000000a0                              : SysMin.oe674 (.text:xdc_runtime_SysMin_putch__E)
                  c30566a0    000000a0                              : System.oe674 (.text:xdc_runtime_System_formatNum__I)
                  c3056740    000000a0                              : System.oe674 (.text:xdc_runtime_System_putchar__I)
                  c30567e0    000000a0                              : Text.oe674 (.text:xdc_runtime_Text_printVisFxn__I)
                  c3056880    000000a0                              : Text.oe674 (.text:xdc_runtime_Text_xprintf__I)
                  c3056920    00000080     ti.board.ae674 : lcdkOMAPL138_clock.oe674 (.text:CSL_PSC_setModuleNextState$0)
                  c30569a0    00000080     ti.osal.ae674 : EventCombinerP_tirtos.oe674 (.text:EventCombinerP_getHwi)
                  c3056a20    00000080                   : EventCombinerP_tirtos.oe674 (.text:EventCombinerP_getIntNum)
                  c3056aa0    00000080     ti.csl.ae674 : mcasp.oe674 (.text:McASPRxClkCfg)
                  c3056b20    00000080                  : mcasp.oe674 (.text:McASPTxClkCfg)
                  c3056ba0    00000080                  : uart.oe674 (.text:UART_charPut_v0)
                  c3056c20    00000080     rts6740_elf.lib : trgmsg.obj (.text:__TI_readmsg)
                  c3056ca0    00000080                     : llshift.obj (.text:__c6xabi_llshl)
                  c3056d20    00000080     sysbios.ae674 : c62_TaskSupport_asm.obj (.text:_ti_sysbios_family_c62_TaskSupport_swap__E)
                  c3056da0    00000080     edma3_lld_drv_sample.ae674 : sample_cs.oe674 (.text:edma3OsProtectExit)
                  c3056e20    00000080     edma3_lld_rm.ae674 : edma3resmgr.oe674 (.text:edma3ParamCpy)
                  c3056ea0    00000080     rts6740_elf.lib : getdevice.obj (.text:finddevice)
                  c3056f20    00000080     app_mcasp_pe674.oe674 (.text:ti_sysbios_BIOS_atExitFunc__I)
                  c3056fa0    00000080     app_mcasp_pe674.oe674 (.text:ti_sysbios_BIOS_registerRTSLock__I)
                  c3057020    00000080     sysbios.ae674 : BIOS.obj (.text:ti_sysbios_family_c64p_Cache_invL1pAll__E)
                  c30570a0    00000080     app_mcasp_pe674.oe674 (.text:ti_sysbios_gates_GateHwi_Object__create__S)
                  c3057120    00000080     app_mcasp_pe674.oe674 (.text:ti_sysbios_gates_GateMutex_Object__create__S)
                  c30571a0    00000080     sysbios.ae674 : BIOS.obj (.text:ti_sysbios_hal_Hwi_checkStack)
                  c3057220    00000080                   : BIOS.obj (.text:ti_sysbios_hal_Hwi_initStack)
                  c30572a0    00000080     app_mcasp_pe674.oe674 (.text:ti_sysbios_heaps_HeapMem_Object__create__S)
                  c3057320    00000080     app_mcasp_pe674.oe674 (.text:ti_sysbios_knl_Clock_doTick__I)
                  c30573a0    00000080     sysbios.ae674 : BIOS.obj (.text:ti_sysbios_knl_Idle_run__E)
                  c3057420    00000080     app_mcasp_pe674.oe674 (.text:ti_sysbios_knl_Semaphore_create)
                  c30574a0    00000080     sysbios.ae674 : BIOS.obj (.text:ti_sysbios_knl_Semaphore_pendTimeout__I)
                  c3057520    00000080                   : BIOS.obj (.text:ti_sysbios_knl_Task_enable__E)
                  c30575a0    00000080     rts6740_elf.lib : unlink.obj (.text:unlink)
                  c3057620    00000080     ti.targets.rts6000.ae674 : Core-label.oe674 (.text:xdc_runtime_Core_assignLabel__I)
                  c30576a0    00000080                              : LoggerBuf.oe674 (.text:xdc_runtime_LoggerBuf_Instance_init__E)
                  c3057720    00000080                              : LoggerBuf.oe674 (.text:xdc_runtime_LoggerBuf_Module_startup__E)
                  c30577a0    00000080                              : LoggerBuf.oe674 (.text:xdc_runtime_LoggerBuf_filterOutEvent__I)
                  c3057820    00000080     app_mcasp_pe674.oe674 (.text:xdc_runtime_SysMin_output__I)
                  c30578a0    00000080     ti.targets.rts6000.ae674 : System.oe674 (.text:xdc_runtime_System_atexit__E)
                  c3057920    00000080                              : System.oe674 (.text:xdc_runtime_System_avprintf__E)
                  c30579a0    00000080                              : System.oe674 (.text:xdc_runtime_System_processAtExit__E)
                  c3057a20    00000080                              : System.oe674 (.text:xdc_runtime_System_vprintf__E)
                  c3057aa0    00000060     ti.osal.ae674 : HwiP_tirtos.oe674 (.text:HwiP_delete)
                  c3057b00    00000060     ti.drv.i2c.ae674 : I2C_drv.oe674 (.text:I2C_Params_init)
                  c3057b60    00000060                      : I2C_drv.oe674 (.text:I2C_open)
                  c3057bc0    00000060                      : I2C_drv.oe674 (.text:I2C_transfer)
                  c3057c20    00000060                      : I2C_v0.oe674 (.text:I2C_transfer_Callback_v0$0)
                  c3057c80    00000060     ti.drv.mcasp.ae674 : mcasp_drv.oe674 (.text:Mcasp_localGetNextIndex)
                  c3057ce0    00000060                        : mcasp_drv.oe674 (.text:Mcasp_localResetRcv)
                  c3057d40    00000060                        : mcasp_drv.oe674 (.text:Mcasp_localResetXmt)
                  c3057da0    00000060                        : mcasp_drv.oe674 (.text:Mcasp_socGetInitCfg)
                  c3057e00    00000060                        : mcasp_drv.oe674 (.text:Mcasp_socSetInitCfg)
                  c3057e60    00000060     ti.osal.ae674 : RegisterIntr_tirtos.oe674 (.text:Osal_ClearInterrupt)
                  c3057ec0    00000060                   : Utils_tirtos.oe674 (.text:Osal_getHwAttrs)
                  c3057f20    00000060                   : Utils_tirtos.oe674 (.text:Osal_getThreadType)
                  c3057f80    00000060                   : SemaphoreP_tirtos.oe674 (.text:SemaphoreP_delete)
                  c3057fe0    00000060                   : SemaphoreP_tirtos.oe674 (.text:SemaphoreP_pend)
                  c3058040    00000060     ti.csl.ae674 : uart.oe674 (.text:UART_divisorLatchWrite_v0)
                  c30580a0    00000060                  : uart.oe674 (.text:UART_fifoWait_v0)
                  c3058100    00000060                  : uart.oe674 (.text:UART_lineCharacConfig_v0)
                  c3058160    00000060     ti.drv.uart.ae674 : UART_v0.oe674 (.text:UART_readCancel_v0$0)
                  c30581c0    00000060                       : UART_v0.oe674 (.text:UART_writeCancel_v0$0)
                  c3058220    00000060     rts6740_elf.lib : trgmsg.obj (.text:__TI_writemsg)
                  c3058280    00000060                     : llshift.obj (.text:__c6xabi_llshru)
                  c30582e0    00000060                     : imath64.obj (.text:_subcull)
                  c3058340    00000060     sysbios.ae674 : c64p_Hwi_asm_switch.obj (.text:_ti_sysbios_family_c64p_Hwi_switchAndDispatch__I)
                  c30583a0    00000060                   : c64p_Hwi_asm_switch.obj (.text:_ti_sysbios_family_xxx_Hwi_switchAndRunFunc)
                  c3058400    00000060     audio_evminit.obj (.text)
                  c3058460    00000060     edma3_lld_drv_sample.ae674 : sample_cs.oe674 (.text:edma3OsSemCreate)
                  c30584c0    00000060                                : sample_cs.oe674 (.text:edma3OsSemTake)
                  c3058520    00000060     rts6740_elf.lib : lseek.obj (.text:lseek)
                  c3058580    00000060     app_mcasp_pe674.oe674 (.text:ti_sysbios_BIOS_errorRaiseHook__I)
                  c30585e0    00000060     app_mcasp_pe674.oe674 (.text:ti_sysbios_BIOS_removeRTSLock__I)
                  c3058640    00000060     app_mcasp_pe674.oe674 (.text:ti_sysbios_BIOS_startFunc__I)
                  c30586a0    00000060     sysbios.ae674 : BIOS.obj (.text:ti_sysbios_family_c64p_Cache_setMar__E)
                  c3058700    00000060                   : BIOS.obj (.text:ti_sysbios_family_c64p_EventCombiner_unused__E)
                  c3058760    00000060     app_mcasp_pe674.oe674 (.text:ti_sysbios_gates_GateMutex_Object__delete__S)
                  c30587c0    00000060     sysbios.ae674 : BIOS.obj (.text:ti_sysbios_heaps_HeapMem_free__E)
                  c3058820    00000060                   : BIOS.obj (.text:ti_sysbios_io_DEV_Module_startup__E)
                  c3058880    00000060                   : BIOS.obj (.text:ti_sysbios_knl_Clock_Module_startup__E)
                  c30588e0    00000060     app_mcasp_pe674.oe674 (.text:ti_sysbios_knl_Queue_construct)
                  c3058940    00000060     app_mcasp_pe674.oe674 (.text:ti_sysbios_knl_Semaphore_construct)
                  c30589a0    00000060     sysbios.ae674 : BIOS.obj (.text:ti_sysbios_knl_Swi_Module_startup__E)
                  c3058a00    00000060                   : BIOS.obj (.text:ti_sysbios_knl_Task_enter__I)
                  c3058a60    00000060     app_mcasp_pe674.oe674 (.text:ti_sysbios_rts_gnu_MemAlloc_alloc)
                  c3058ac0    00000060     rts6740_elf.lib : write.obj (.text:write)
                  c3058b20    00000060     app_mcasp_pe674.oe674 (.text:xdc_runtime_LoggerBuf_Object__delete__S)
                  c3058b80    00000060     ti.targets.rts6000.ae674 : LoggerBuf.oe674 (.text:xdc_runtime_LoggerBuf_reset__E)
                  c3058be0    00000060                              : Memory.oe674 (.text:xdc_runtime_Memory_valloc__E)
                  c3058c40    00000060                              : Text.oe674 (.text:xdc_runtime_Text_cordText__E)
                  c3058ca0    00000040     ti.csl.ae674 : i2c.oe674 (.text:I2CMasterInitExpClk)
                  c3058ce0    00000040     ti.drv.i2c.ae674 : I2C_v0.oe674 (.text:I2C_init_v0$0)
                  c3058d20    00000040                      : I2C_drv.oe674 (.text:I2C_transactionInit)
                  c3058d60    00000040                      : I2C_v0.oe674 (.text:I2C_v0_control$0)
                  c3058da0    00000040     ti.csl.ae674 : mcasp.oe674 (.text:McASPReadFifoEnable)
                  c3058de0    00000040                  : mcasp.oe674 (.text:McASPRxHFClkPolaritySet)
                  c3058e20    00000040                  : mcasp.oe674 (.text:McASPSerializerRxSet)
                  c3058e60    00000040                  : mcasp.oe674 (.text:McASPSerializerTxSet)
                  c3058ea0    00000040                  : mcasp.oe674 (.text:McASPTxHFClkPolaritySet)
                  c3058ee0    00000040                  : mcasp.oe674 (.text:McASPWriteFifoEnable)
                  c3058f20    00000040     ti.osal.ae674 : MuxIntcP_tirtos.oe674 (.text:MuxIntcP_create)
                  c3058f60    00000040                   : RegisterIntr_tirtos.oe674 (.text:Osal_DisableInterrupt)
                  c3058fa0    00000040                   : RegisterIntr_tirtos.oe674 (.text:Osal_EnableInterrupt)
                  c3058fe0    00000040                   : RegisterIntr_tirtos.oe674 (.text:Osal_RegisterInterrupt_initParams)
                  c3059020    00000040                   : SemaphoreP_tirtos.oe674 (.text:SemaphoreP_Params_init)
                  c3059060    00000040                   : SemaphoreP_tirtos.oe674 (.text:SemaphoreP_post)
                  c30590a0    00000040     ti.csl.ae674 : uart.oe674 (.text:UART_breakCtl_v0)
                  c30590e0    00000040                  : uart.oe674 (.text:UART_charGetNonBlocking_v0)
                  c3059120    00000040                  : uart.oe674 (.text:UART_divisorValCompute_v0)
                  c3059160    00000040                  : uart.oe674 (.text:UART_fIFOConfig_v0)
                  c30591a0    00000040                  : uart.oe674 (.text:UART_fIFORegisterWrite_v0)
                  c30591e0    00000040                  : uart.oe674 (.text:UART_intDisable_v0)
                  c3059220    00000040                  : uart.oe674 (.text:UART_intEnable_v0)
                  c3059260    00000040                  : uart.oe674 (.text:UART_intIdentityGet_v0)
                  c30592a0    00000040                  : uart.oe674 (.text:UART_loopbackModeControl_v0)
                  c30592e0    00000040     ti.drv.uart.ae674 : UART_drv.oe674 (.text:UART_open)
                  c3059320    00000040     ti.csl.ae674 : uart.oe674 (.text:UART_readLineStatus_v0)
                  c3059360    00000040     ti.osal.ae674 : Utils_tirtos.oe674 (.text:_DebugP_assert)
                  c30593a0    00000040     rts6740_elf.lib : assert.obj (.text:__c6xabi_abort_msg)
                  c30593e0    00000040                     : strasg.obj (.text:__strasgi_64plus)
                  c3059420    00000040                     : args_main.obj (.text:_args_main)
                  c3059460    00000040     sysbios.ae674 : c62_TaskSupport_asm.obj (.text:_ti_sysbios_family_c62_TaskSupport_buildTaskStack)
                  c30594a0    00000040     edma3_lld_drv_sample.ae674 : sample_cs.oe674 (.text:edma3OsSemGive)
                  c30594e0    00000040     app_mcasp_pe674.oe674 (.text:free)
                  c3059520    00000040     app_mcasp_pe674.oe674 (.text:ti_sysbios_BIOS_exitFunc__I)
                  c3059560    00000040     app_mcasp_pe674.oe674 (.text:ti_sysbios_BIOS_rtsLock__I)
                  c30595a0    00000040     app_mcasp_pe674.oe674 (.text:ti_sysbios_BIOS_rtsUnlock__I)
                  c30595e0    00000040     sysbios.ae674 : BIOS.obj (.text:ti_sysbios_family_c62_TaskSupport_start__E)
                  c3059620    00000040                   : BIOS.obj (.text:ti_sysbios_family_c64p_EventCombiner_Module_startup__E)
                  c3059660    00000040                   : BIOS.obj (.text:ti_sysbios_family_c64p_EventCombiner_disableEvent__E)
                  c30596a0    00000040                   : BIOS.obj (.text:ti_sysbios_family_c64p_EventCombiner_enableEvent__E)
                  c30596e0    00000040     app_mcasp_pe674.oe674 (.text:ti_sysbios_family_c64p_Hwi_destruct)
                  c3059720    00000040     sysbios.ae674 : BIOS.obj (.text:ti_sysbios_family_c64p_Hwi_disableInterrupt__E)
                  c3059760    00000040                   : BIOS.obj (.text:ti_sysbios_family_c64p_Hwi_enableInterrupt__E)
                  c30597a0    00000040                   : BIOS.obj (.text:ti_sysbios_family_c64p_Hwi_getEventId__E)
                  c30597e0    00000040                   : BIOS.obj (.text:ti_sysbios_family_c64p_primus_TimerSupport_enable__E)
                  c3059820    00000040     app_mcasp_pe674.oe674 (.text:ti_sysbios_gates_GateHwi_Handle__label__S)
                  c3059860    00000040     app_mcasp_pe674.oe674 (.text:ti_sysbios_gates_GateHwi_Object__delete__S)
                  c30598a0    00000040     app_mcasp_pe674.oe674 (.text:ti_sysbios_gates_GateMutex_Handle__label__S)
                  c30598e0    00000040     sysbios.ae674 : BIOS.obj (.text:ti_sysbios_gates_GateMutex_Instance_init__E)
                  c3059920    00000040                   : BIOS.obj (.text:ti_sysbios_gates_GateMutex_leave__E)
                  c3059960    00000040     app_mcasp_pe674.oe674 (.text:ti_sysbios_heaps_HeapMem_Handle__label__S)
                  c30599a0    00000040     app_mcasp_pe674.oe674 (.text:ti_sysbios_heaps_HeapMem_Object__delete__S)
                  c30599e0    00000040     app_mcasp_pe674.oe674 (.text:ti_sysbios_heaps_HeapMem_Object__get__S)
                  c3059a20    00000040     sysbios.ae674 : BIOS.obj (.text:ti_sysbios_knl_Queue_get__E)
                  c3059a60    00000040                   : BIOS.obj (.text:ti_sysbios_knl_Queue_put__E)
                  c3059aa0    00000040     app_mcasp_pe674.oe674 (.text:ti_sysbios_knl_Semaphore_destruct)
                  c3059ae0    00000040     app_mcasp_pe674.oe674 (.text:ti_sysbios_knl_Swi_Object__get__S)
                  c3059b20    00000040     app_mcasp_pe674.oe674 (.text:ti_sysbios_knl_Task_Object__get__S)
                  c3059b60    00000040     sysbios.ae674 : BIOS.obj (.text:ti_sysbios_knl_Task_sleepTimeout__I)
                  c3059ba0    00000040     ti.targets.rts6000.ae674 : Error.oe674 (.text:xdc_runtime_Error_check__E)
                  c3059be0    00000040                              : Error.oe674 (.text:xdc_runtime_Error_init__E)
                  c3059c20    00000040     app_mcasp_pe674.oe674 (.text:xdc_runtime_LoggerBuf_Handle__label__S)
                  c3059c60    00000040     ti.targets.rts6000.ae674 : LoggerBuf.oe674 (.text:xdc_runtime_LoggerBuf_Instance_finalize__E)
                  c3059ca0    00000040     app_mcasp_pe674.oe674 (.text:xdc_runtime_LoggerBuf_Object__get__S)
                  c3059ce0    00000040     ti.targets.rts6000.ae674 : LoggerBuf.oe674 (.text:xdc_runtime_LoggerBuf_write0__E)
                  c3059d20    00000040                              : LoggerBuf.oe674 (.text:xdc_runtime_LoggerBuf_write1__E)
                  c3059d60    00000040                              : LoggerBuf.oe674 (.text:xdc_runtime_LoggerBuf_write2__E)
                  c3059da0    00000040                              : Registry.oe674 (.text:xdc_runtime_Registry_findById__E)
                  c3059de0    00000040                              : SysMin.oe674 (.text:xdc_runtime_SysMin_Module_startup__E)
                  c3059e20    00000040                              : SysMin.oe674 (.text:xdc_runtime_SysMin_exit__E)
                  c3059e60    00000040                              : System.oe674 (.text:xdc_runtime_System_abort__E)
                  c3059ea0    00000040     app_mcasp_pe674.oe674 (.text:xdc_runtime_System_aprintf__E)
                  c3059ee0    00000040     ti.targets.rts6000.ae674 : System.oe674 (.text:xdc_runtime_System_exit__E)
                  c3059f20    00000040     app_mcasp_pe674.oe674 (.text:xdc_runtime_System_printf__E)
                  c3059f60    00000020     ti.board.ae674 : lcdkOMAPL138_pll.oe674 (.text:Board_PLLInit)
                  c3059f80    00000020                    : lcdkOMAPL138_lld_init.oe674 (.text:Board_uartStdioInit)
                  c3059fa0    00000020     ti.osal.ae674 : CacheP_tirtos.oe674 (.text:CacheP_wb)
                  c3059fc0    00000020                   : CacheP_tirtos.oe674 (.text:CacheP_wbInv)
                  c3059fe0    00000020                   : EventCombinerP_tirtos.oe674 (.text:EventCombinerP_disableEvent)
                  c305a000    00000020                   : EventCombinerP_tirtos.oe674 (.text:EventCombinerP_dispatchPlug)
                  c305a020    00000020                   : EventCombinerP_tirtos.oe674 (.text:EventCombinerP_enableEvent)
                  c305a040    00000020                   : HwiP_tirtos.oe674 (.text:HwiP_clearInterrupt)
                  c305a060    00000020                   : HwiP_tirtos.oe674 (.text:HwiP_disable)
                  c305a080    00000020                   : HwiP_tirtos.oe674 (.text:HwiP_disableInterrupt)
                  c305a0a0    00000020                   : HwiP_tirtos.oe674 (.text:HwiP_enableInterrupt)
                  c305a0c0    00000020                   : HwiP_tirtos.oe674 (.text:HwiP_restore)
                  c305a0e0    00000020     ti.csl.ae674 : i2c.oe674 (.text:I2CIntVectGet)
                  c305a100    00000020                  : i2c.oe674 (.text:I2CMasterBusBusy)
                  c305a120    00000020                  : i2c.oe674 (.text:I2CMasterControl)
                  c305a140    00000020                  : i2c.oe674 (.text:I2CMasterDataGet)
                  c305a160    00000020                  : i2c.oe674 (.text:I2CMasterDataPut)
                  c305a180    00000020                  : i2c.oe674 (.text:I2CMasterDisable)
                  c305a1a0    00000020                  : i2c.oe674 (.text:I2CMasterEnable)
                  c305a1c0    00000020                  : i2c.oe674 (.text:I2CMasterErr)
                  c305a1e0    00000020                  : i2c.oe674 (.text:I2CMasterIntClearEx)
                  c305a200    00000020                  : i2c.oe674 (.text:I2CMasterIntDisableEx)
                  c305a220    00000020                  : i2c.oe674 (.text:I2CMasterIntEnableEx)
                  c305a240    00000020                  : i2c.oe674 (.text:I2CMasterIntStatusEx)
                  c305a260    00000020                  : i2c.oe674 (.text:I2CMasterSlaveAddrSet)
                  c305a280    00000020                  : i2c.oe674 (.text:I2CMasterStart)
                  c305a2a0    00000020                  : i2c.oe674 (.text:I2CMasterStop)
                  c305a2c0    00000020                  : i2c.oe674 (.text:I2CModeControl)
                  c305a2e0    00000020                  : i2c.oe674 (.text:I2COwnAddressSet)
                  c305a300    00000020                  : i2c.oe674 (.text:I2CSetDataCount)
                  c305a320    00000020                  : i2c.oe674 (.text:I2CSlaveEnable)
                  c305a340    00000020                  : mcasp.oe674 (.text:McASPDITLeftChanStatusSet)
                  c305a360    00000020                  : mcasp.oe674 (.text:McASPDITLeftUserDataRamSet)
                  c305a380    00000020                  : mcasp.oe674 (.text:McASPDITModeCtlWrite)
                  c305a3a0    00000020                  : mcasp.oe674 (.text:McASPDITRightChanStatusSet)
                  c305a3c0    00000020                  : mcasp.oe674 (.text:McASPDITRightUserDataRamSet)
                  c305a3e0    00000020                  : mcasp.oe674 (.text:McASPDlbRegRead)
                  c305a400    00000020                  : mcasp.oe674 (.text:McASPDlbRegWrite)
                  c305a420    00000020                  : mcasp.oe674 (.text:McASPGlobalCtlGet)
                  c305a440    00000020                  : mcasp.oe674 (.text:McASPGlobalCtlReset)
                  c305a460    00000020                  : mcasp.oe674 (.text:McASPGlobalCtlSet)
                  c305a480    00000020                  : mcasp.oe674 (.text:McASPPinDirInputSet)
                  c305a4a0    00000020                  : mcasp.oe674 (.text:McASPPinDirOutputSet)
                  c305a4c0    00000020                  : mcasp.oe674 (.text:McASPPinGPIOSet)
                  c305a4e0    00000020                  : mcasp.oe674 (.text:McASPReadFifoDisable)
                  c305a500    00000020                  : mcasp.oe674 (.text:McASPRxClkCheckConfig)
                  c305a520    00000020                  : mcasp.oe674 (.text:McASPRxClkCheckRegRead)
                  c305a540    00000020                  : mcasp.oe674 (.text:McASPRxClkCheckRegWrite)
                  c305a560    00000020                  : mcasp.oe674 (.text:McASPRxClkPolaritySet)
                  c305a580    00000020                  : mcasp.oe674 (.text:McASPRxFmtMaskSet)
                  c305a5a0    00000020                  : mcasp.oe674 (.text:McASPRxFmtSet)
                  c305a5c0    00000020                  : mcasp.oe674 (.text:McASPRxFrameSyncCfg)
                  c305a5e0    00000020                  : mcasp.oe674 (.text:McASPRxGlobalCtlGet)
                  c305a600    00000020                  : mcasp.oe674 (.text:McASPRxGlobalCtlSet)
                  c305a620    00000020                  : mcasp.oe674 (.text:McASPRxIntDisable)
                  c305a640    00000020                  : mcasp.oe674 (.text:McASPRxIntEnable)
                  c305a660    00000020                  : mcasp.oe674 (.text:McASPRxIntrStatusGet)
                  c305a680    00000020                  : mcasp.oe674 (.text:McASPRxReset)
                  c305a6a0    00000020                  : mcasp.oe674 (.text:McASPRxStatusGet)
                  c305a6c0    00000020                  : mcasp.oe674 (.text:McASPRxStatusSet)
                  c305a6e0    00000020                  : mcasp.oe674 (.text:McASPRxTimeSlotSet)
                  c305a700    00000020                  : mcasp.oe674 (.text:McASPSerializerSet)
                  c305a720    00000020                  : mcasp.oe674 (.text:McASPTxClkCheckConfig)
                  c305a740    00000020                  : mcasp.oe674 (.text:McASPTxClkCheckRegRead)
                  c305a760    00000020                  : mcasp.oe674 (.text:McASPTxClkCheckRegWrite)
                  c305a780    00000020                  : mcasp.oe674 (.text:McASPTxClkPolaritySet)
                  c305a7a0    00000020                  : mcasp.oe674 (.text:McASPTxFmtMaskSet)
                  c305a7c0    00000020                  : mcasp.oe674 (.text:McASPTxFmtSet)
                  c305a7e0    00000020                  : mcasp.oe674 (.text:McASPTxFrameSyncCfg)
                  c305a800    00000020                  : mcasp.oe674 (.text:McASPTxGlobalCtlGet)
                  c305a820    00000020                  : mcasp.oe674 (.text:McASPTxGlobalCtlSet)
                  c305a840    00000020                  : mcasp.oe674 (.text:McASPTxIntDisable)
                  c305a860    00000020                  : mcasp.oe674 (.text:McASPTxIntEnable)
                  c305a880    00000020                  : mcasp.oe674 (.text:McASPTxIntrStatusGet)
                  c305a8a0    00000020                  : mcasp.oe674 (.text:McASPTxReset)
                  c305a8c0    00000020                  : mcasp.oe674 (.text:McASPTxRxClkSyncDisable)
                  c305a8e0    00000020                  : mcasp.oe674 (.text:McASPTxRxClkSyncEnable)
                  c305a900    00000020                  : mcasp.oe674 (.text:McASPTxRxDMAEvtCntrlWrite)
                  c305a920    00000020                  : mcasp.oe674 (.text:McASPTxRxFrameSyncRead)
                  c305a940    00000020                  : mcasp.oe674 (.text:McASPTxStatusGet)
                  c305a960    00000020                  : mcasp.oe674 (.text:McASPTxStatusSet)
                  c305a980    00000020                  : mcasp.oe674 (.text:McASPTxTimeSlotSet)
                  c305a9a0    00000020                  : mcasp.oe674 (.text:McASPWriteFifoDisable)
                  c305a9c0    00000020     ti.osal.ae674 : MuxIntcP_tirtos.oe674 (.text:MuxIntcP_clearInEvent)
                  c305a9e0    00000020                   : MuxIntcP_tirtos.oe674 (.text:MuxIntcP_disableOutEvent)
                  c305aa00    00000020                   : MuxIntcP_tirtos.oe674 (.text:MuxIntcP_enableOutEvent)
                  c305aa20    00000020                   : Queue_tirtos.oe674 (.text:Osal_Queue_construct)
                  c305aa40    00000020                   : Queue_tirtos.oe674 (.text:Osal_Queue_empty)
                  c305aa60    00000020                   : Queue_tirtos.oe674 (.text:Osal_Queue_get)
                  c305aa80    00000020                   : Queue_tirtos.oe674 (.text:Osal_Queue_handle)
                  c305aaa0    00000020                   : Queue_tirtos.oe674 (.text:Osal_Queue_put)
                  c305aac0    00000020     ti.drv.uart.ae674 : UART_drv.oe674 (.text:UART_Params_init)
                  c305aae0    00000020                       : UART_v0.oe674 (.text:UART_control_v0$0)
                  c305ab00    00000020     ti.csl.ae674 : uart.oe674 (.text:UART_divisorLatchDisable_v0)
                  c305ab20    00000020                  : uart.oe674 (.text:UART_fIFOCharPut_v0)
                  c305ab40    00000020                  : uart.oe674 (.text:UART_fifoEmpty_v0)
                  c305ab60    00000020     ti.drv.uart.ae674 : UART_v0.oe674 (.text:UART_init_v0$0)
                  c305ab80    00000020     ti.csl.ae674 : uart.oe674 (.text:UART_operatingModeSelect_v0)
                  c305aba0    00000020                  : uart.oe674 (.text:UART_pwremuConfig_v0)
                  c305abc0    00000020     rts6740_elf.lib : _lock.obj (.text:_nop)
                  c305abe0    00000020                     : _lock.obj (.text:_register_lock)
                  c305ac00    00000020                     : _lock.obj (.text:_register_unlock)
                  c305ac20    00000020     sysbios.ae674 : c62_TaskSupport_asm.obj (.text:_ti_sysbios_family_c62_TaskSupport_glue)
                  c305ac40    00000020     rts6740_elf.lib : exit.obj (.text:abort)
                  c305ac60    00000020                     : copy_decompress_none.obj (.text:decompress:none:__TI_decompress_none)
                  c305ac80    00000020                     : copy_decompress_rle.obj (.text:decompress:rle24:__TI_decompress_rle24)
                  c305aca0    00000020     edma3_lld_drv_sample.ae674 : sample_omapl138_cfg.oe674 (.text:determineProcId)
                  c305acc0    00000020                                : sample_omapl138_int_reg.oe674 (.text:disableErrorInterrupt)
                  c305ace0    00000020                                : sample_omapl138_int_reg.oe674 (.text:disableXferCompInterrupt)
                  c305ad00    00000020                                : sample_omapl138_int_reg.oe674 (.text:enableErrorInterrupt)
                  c305ad20    00000020                                : sample_omapl138_int_reg.oe674 (.text:enableXferCompInterrupt)
                  c305ad40    00000020                                : sample_omapl138_cfg.oe674 (.text:isGblConfigRequired)
                  c305ad60    00000020     edma3_lld_rm.ae674 : edma3resmgr.oe674 (.text:lisrEdma3CCErrHandler0)
                  c305ad80    00000020                        : edma3resmgr.oe674 (.text:lisrEdma3ComplHandler0)
                  c305ada0    00000020                        : edma3resmgr.oe674 (.text:lisrEdma3TC0ErrHandler0)
                  c305adc0    00000020                        : edma3resmgr.oe674 (.text:lisrEdma3TC1ErrHandler0)
                  c305ade0    00000020                        : edma3resmgr.oe674 (.text:lisrEdma3TC2ErrHandler0)
                  c305ae00    00000020                        : edma3resmgr.oe674 (.text:lisrEdma3TC3ErrHandler0)
                  c305ae20    00000020                        : edma3resmgr.oe674 (.text:lisrEdma3TC4ErrHandler0)
                  c305ae40    00000020                        : edma3resmgr.oe674 (.text:lisrEdma3TC5ErrHandler0)
                  c305ae60    00000020                        : edma3resmgr.oe674 (.text:lisrEdma3TC6ErrHandler0)
                  c305ae80    00000020                        : edma3resmgr.oe674 (.text:lisrEdma3TC7ErrHandler0)
                  c305aea0    00000020     ti.drv.mcasp.ae674 : mcasp_drv.oe674 (.text:mcaspIsr)
                  c305aec0    00000020     app_mcasp_pe674.oe674 (.text:ti_sysbios_BIOS_RtsGateProxy_enter__E)
                  c305aee0    00000020     app_mcasp_pe674.oe674 (.text:ti_sysbios_BIOS_RtsGateProxy_leave__E)
                  c305af00    00000020     sysbios.ae674 : BIOS.obj (.text:ti_sysbios_BIOS_getThreadType__E)
                  c305af20    00000020                   : BIOS.obj (.text:ti_sysbios_BIOS_linkedWithIncorrectBootLibrary__E)
                  c305af40    00000020     app_mcasp_pe674.oe674 (.text:ti_sysbios_BIOS_nullFunc__I)
                  c305af60    00000020     sysbios.ae674 : BIOS.obj (.text:ti_sysbios_BIOS_setThreadType__E)
                  c305af80    00000020                   : BIOS.obj (.text:ti_sysbios_BIOS_start__E)
                  c305afa0    00000020     app_mcasp_pe674.oe674 (.text:ti_sysbios_family_c62_TaskSupport_Module__startupDone__S)
                  c305afc0    00000020     sysbios.ae674 : BIOS.obj (.text:ti_sysbios_family_c64p_Cache_inv__E)
                  c305afe0    00000020                   : BIOS.obj (.text:ti_sysbios_family_c64p_Cache_wbInv__E)
                  c305b000    00000020                   : BIOS.obj (.text:ti_sysbios_family_c64p_Cache_wb__E)
                  c305b020    00000020     app_mcasp_pe674.oe674 (.text:ti_sysbios_family_c64p_Hwi_Module__startupDone__F)
                  c305b040    00000020     app_mcasp_pe674.oe674 (.text:ti_sysbios_family_c64p_Hwi_Params__init__S)
                  c305b060    00000020     sysbios.ae674 : BIOS.obj (.text:ti_sysbios_family_c64p_Hwi_clearInterrupt__E)
                  c305b080    00000020                   : BIOS.obj (.text:ti_sysbios_family_c64p_Hwi_getFunc__E)
                  c305b0a0    00000020                   : BIOS.obj (.text:ti_sysbios_family_c64p_Hwi_getHandle__E)
                  c305b0c0    00000020                   : BIOS.obj (.text:ti_sysbios_family_c64p_Hwi_startup__E)
                  c305b0e0    00000020                   : BIOS.obj (.text:ti_sysbios_family_c64p_Hwi_switchFromBootStack__E)
                  c305b100    00000020                   : BIOS.obj (.text:ti_sysbios_family_c64p_Hwi_unPluggedInterrupt__I)
                  c305b120    00000020                   : BIOS.obj (.text:ti_sysbios_family_c64p_TimestampProvider_Module_startup__E)
                  c305b140    00000020                   : BIOS.obj (.text:ti_sysbios_family_c64p_TimestampProvider_get64__E)
                  c305b160    00000020                   : BIOS.obj (.text:ti_sysbios_gates_GateHwi_Instance_init__E)
                  c305b180    00000020                   : BIOS.obj (.text:ti_sysbios_gates_GateHwi_enter__E)
                  c305b1a0    00000020                   : BIOS.obj (.text:ti_sysbios_gates_GateHwi_leave__E)
                  c305b1c0    00000020                   : BIOS.obj (.text:ti_sysbios_gates_GateHwi_query__E)
                  c305b1e0    00000020                   : BIOS.obj (.text:ti_sysbios_gates_GateMutex_Instance_finalize__E)
                  c305b200    00000020                   : BIOS.obj (.text:ti_sysbios_gates_GateMutex_query__E)
                  c305b220    00000020                   : BIOS.obj (.text:ti_sysbios_hal_Hwi_Module_startup__E)
                  c305b240    00000020     app_mcasp_pe674.oe674 (.text:ti_sysbios_heaps_HeapMem_Module_GateProxy_enter__E)
                  c305b260    00000020     app_mcasp_pe674.oe674 (.text:ti_sysbios_heaps_HeapMem_Module_GateProxy_leave__E)
                  c305b280    00000020     sysbios.ae674 : BIOS.obj (.text:ti_sysbios_heaps_HeapMem_isBlocking__E)
                  c305b2a0    00000020     app_mcasp_pe674.oe674 (.text:ti_sysbios_io_DEV_Object__get__S)
                  c305b2c0    00000020     app_mcasp_pe674.oe674 (.text:ti_sysbios_knl_Clock_TimerProxy_getMaxTicks__E)
                  c305b2e0    00000020     sysbios.ae674 : BIOS.obj (.text:ti_sysbios_knl_Idle_loop__E)
                  c305b300    00000020                   : BIOS.obj (.text:ti_sysbios_knl_Queue_Instance_init__E)
                  c305b320    00000020     app_mcasp_pe674.oe674 (.text:ti_sysbios_knl_Queue_Object__get__S)
                  c305b340    00000020     app_mcasp_pe674.oe674 (.text:ti_sysbios_knl_Queue_destruct)
                  c305b360    00000020     sysbios.ae674 : BIOS.obj (.text:ti_sysbios_knl_Queue_empty__E)
                  c305b380    00000020                   : BIOS.obj (.text:ti_sysbios_knl_Semaphore_Instance_finalize__E)
                  c305b3a0    00000020     app_mcasp_pe674.oe674 (.text:ti_sysbios_knl_Semaphore_Params__init__S)
                  c305b3c0    00000020     sysbios.ae674 : BIOS.obj (.text:ti_sysbios_knl_Swi_disable__E)
                  c305b3e0    00000020                   : BIOS.obj (.text:ti_sysbios_knl_Task_disable__E)
                  c305b400    00000020                   : BIOS.obj (.text:ti_sysbios_knl_Task_startup__E)
                  c305b420    00000020     app_mcasp_pe674.oe674 (.text:ti_sysbios_timers_timer64_Timer_Module__startupDone__F)
                  c305b440    00000020     sysbios.ae674 : BIOS.obj (.text:ti_sysbios_timers_timer64_Timer_getMaxTicks__E)
                  c305b460    00000020     ti.targets.rts6000.ae674 : Error.oe674 (.text:xdc_runtime_Error_getSite__E)
                  c305b480    00000020                              : Error.oe674 (.text:xdc_runtime_Error_raiseX__E)
                  c305b4a0    00000020                              : Gate.oe674 (.text:xdc_runtime_Gate_enterSystem__E)
                  c305b4c0    00000020                              : Gate.oe674 (.text:xdc_runtime_Gate_leaveSystem__E)
                  c305b4e0    00000020     app_mcasp_pe674.oe674 (.text:xdc_runtime_IHeap_alloc)
                  c305b500    00000020     app_mcasp_pe674.oe674 (.text:xdc_runtime_IHeap_free)
                  c305b520    00000020     app_mcasp_pe674.oe674 (.text:xdc_runtime_LoggerBuf_Module_GateProxy_enter__E)
                  c305b540    00000020     app_mcasp_pe674.oe674 (.text:xdc_runtime_LoggerBuf_Module_GateProxy_leave__E)
                  c305b560    00000020     ti.targets.rts6000.ae674 : LoggerBuf.oe674 (.text:xdc_runtime_LoggerBuf_disable__E)
                  c305b580    00000020                              : LoggerBuf.oe674 (.text:xdc_runtime_LoggerBuf_enable__E)
                  c305b5a0    00000020                              : Memory.oe674 (.text:xdc_runtime_Memory_calloc__E)
                  c305b5c0    00000020                              : Memory.oe674 (.text:xdc_runtime_Memory_free__E)
                  c305b5e0    00000020                              : Memory.oe674 (.text:xdc_runtime_Memory_getMaxDefaultTypeAlign__E)
                  c305b600    00000020     app_mcasp_pe674.oe674 (.text:xdc_runtime_Startup_exec__I)
                  c305b620    00000020     app_mcasp_pe674.oe674 (.text:xdc_runtime_Startup_reset__I)
                  c305b640    00000020     ti.targets.rts6000.ae674 : Startup.oe674 (.text:xdc_runtime_Startup_rtsDone__E)
                  c305b660    00000020                              : SysMin.oe674 (.text:xdc_runtime_SysMin_ready__E)
                  c305b680    00000020     app_mcasp_pe674.oe674 (.text:xdc_runtime_System_Module_GateProxy_enter__E)
                  c305b6a0    00000020     app_mcasp_pe674.oe674 (.text:xdc_runtime_System_Module_GateProxy_leave__E)
                  c305b6c0    00000020     ti.targets.rts6000.ae674 : System.oe674 (.text:xdc_runtime_System_Module_startup__E)
                  c305b6e0    00000020                              : System.oe674 (.text:xdc_runtime_System_vsnprintf__E)
[...]
c309e668  ti_sysbios_family_c64p_EventCombiner_E_unpluggedEvent__C            
c309e66c  ti_sysbios_family_c64p_EventCombiner_Module__diagsEnabled__C        
c309e670  ti_sysbios_family_c64p_EventCombiner_Module__diagsIncluded__C       
c309e674  ti_sysbios_family_c64p_EventCombiner_Module__diagsMask__C           
c309e678  ti_sysbios_family_c64p_Exception_E_exceptionMax__C                  
c309e67c  ti_sysbios_family_c64p_Exception_exceptionHook__C                   
c309e680  ti_sysbios_family_c64p_Exception_externalHook__C                    
c309e684  ti_sysbios_family_c64p_Exception_internalHook__C                    
c309e688  ti_sysbios_family_c64p_Exception_nmiHook__C                         
c309e68c  ti_sysbios_family_c64p_Hwi_E_alreadyDefined__C                      
c309e690  ti_sysbios_family_c64p_Hwi_E_handleNotFound__C                      
c309e694  ti_sysbios_family_c64p_Hwi_E_invalidIntNum__C                       
c309e698  ti_sysbios_family_c64p_Hwi_LD_end__C                                
c309e69c  ti_sysbios_family_c64p_Hwi_LM_begin__C                              
c309e6a0  ti_sysbios_family_c64p_Hwi_Module__diagsEnabled__C                  
c309e6a4  ti_sysbios_family_c64p_Hwi_Module__diagsIncluded__C                 
c309e6a8  ti_sysbios_family_c64p_Hwi_Module__diagsMask__C                     
c309e6ac  ti_sysbios_family_c64p_Hwi_Module__loggerFxn1__C                    
c309e6b0  ti_sysbios_family_c64p_Hwi_Module__loggerFxn8__C                    
c309e6b4  ti_sysbios_family_c64p_Hwi_Module__loggerObj__C                     
c309e6b8  ti_sysbios_gates_GateMutex_A_badContext__C                          
c309e6bc  ti_sysbios_gates_GateMutex_Instance_State_sem__O                    
c309e6c0  ti_sysbios_gates_GateMutex_Module__diagsEnabled__C                  
c309e6c4  ti_sysbios_gates_GateMutex_Module__diagsIncluded__C                 
c309e6c8  ti_sysbios_gates_GateMutex_Module__diagsMask__C                     
c309e6cc  ti_sysbios_hal_Hwi_E_stackOverflow__C                               
c309e6d0  ti_sysbios_heaps_HeapMem_A_align__C                                 
c309e6d4  ti_sysbios_heaps_HeapMem_A_heapSize__C                              
c309e6d8  ti_sysbios_heaps_HeapMem_A_invalidFree__C                           
c309e6dc  ti_sysbios_heaps_HeapMem_A_zeroBlock__C                             
c309e6e0  ti_sysbios_heaps_HeapMem_E_memory__C                                
c309e6e4  ti_sysbios_heaps_HeapMem_Module__diagsEnabled__C                    
c309e6e8  ti_sysbios_heaps_HeapMem_Module__diagsIncluded__C                   
c309e6ec  ti_sysbios_heaps_HeapMem_Module__diagsMask__C                       
c309e6f0  ti_sysbios_heaps_HeapMem_Module__gateObj__C                         
c309e6f4  ti_sysbios_heaps_HeapMem_Object__count__C                           
c309e6f8  ti_sysbios_heaps_HeapMem_reqAlign__C                                
c309e6fc  ti_sysbios_io_DEV_Object__count__C                                  
c309e700  ti_sysbios_io_DEV_tableSize__C                                      
c309e704  ti_sysbios_knl_Clock_LM_begin__C                                    
c309e708  ti_sysbios_knl_Clock_LM_tick__C                                     
c309e70c  ti_sysbios_knl_Clock_LW_delayed__C                                  
c309e710  ti_sysbios_knl_Clock_Module_State_clockQ__O                         
c309e714  ti_sysbios_knl_Clock_Module__diagsEnabled__C                        
c309e718  ti_sysbios_knl_Clock_Module__diagsIncluded__C                       
c309e71c  ti_sysbios_knl_Clock_Module__diagsMask__C                           
c309e720  ti_sysbios_knl_Clock_Module__loggerFxn1__C                          
c309e724  ti_sysbios_knl_Clock_Module__loggerFxn2__C                          
c309e728  ti_sysbios_knl_Clock_Module__loggerObj__C                           
c309e72c  ti_sysbios_knl_Semaphore_A_badContext__C                            
c309e730  ti_sysbios_knl_Idle_funcList__A                                     
c309e734  ti_sysbios_knl_Semaphore_A_noEvents__C                              
c309e738  ti_sysbios_knl_Semaphore_A_overflow__C                              
c309e73c  ti_sysbios_knl_Semaphore_A_pendTaskDisabled__C                      
c309e740  ti_sysbios_knl_Semaphore_Instance_State_pendQ__O                    
c309e744  ti_sysbios_knl_Semaphore_LM_pend__C                                 
c309e748  ti_sysbios_knl_Semaphore_LM_post__C                                 
c309e74c  ti_sysbios_knl_Semaphore_Module__diagsEnabled__C                    
c309e750  ti_sysbios_knl_Semaphore_Module__diagsIncluded__C                   
c309e754  ti_sysbios_knl_Semaphore_Module__diagsMask__C                       
c309e758  ti_sysbios_knl_Semaphore_Module__loggerFxn2__C                      
c309e75c  ti_sysbios_knl_Semaphore_Module__loggerFxn4__C                      
c309e760  ti_sysbios_knl_Semaphore_Module__loggerObj__C                       
c309e764  ti_sysbios_knl_Swi_LD_end__C                                        
c309e768  ti_sysbios_knl_Swi_LM_begin__C                                      
c309e76c  ti_sysbios_knl_Swi_LM_post__C                                       
c309e770  ti_sysbios_knl_Swi_Module__diagsEnabled__C                          
c309e774  ti_sysbios_knl_Swi_Module__diagsIncluded__C                         
c309e778  ti_sysbios_knl_Swi_Module__diagsMask__C                             
c309e77c  ti_sysbios_knl_Swi_Module__loggerFxn1__C                            
c309e780  ti_sysbios_knl_Swi_Module__loggerFxn4__C                            
c309e784  ti_sysbios_knl_Swi_Module__loggerObj__C                             
c309e788  ti_sysbios_knl_Swi_Object__count__C                                 
c309e78c  ti_sysbios_knl_Task_A_badTimeout__C                                 
c309e790  ti_sysbios_knl_Task_A_sleepTaskDisabled__C                          
c309e794  ti_sysbios_knl_Task_LD_block__C                                     
c309e798  ti_sysbios_knl_Task_LD_exit__C                                      
c309e79c  ti_sysbios_knl_Task_LD_ready__C                                     
c309e7a0  ti_sysbios_knl_Task_LM_sleep__C                                     
c309e7a4  ti_sysbios_knl_Task_LM_switch__C                                    
c309e7a8  ti_sysbios_knl_Task_Module_State_inactiveQ__O                       
c309e7ac  ti_sysbios_knl_Task_Module__diagsEnabled__C                         
c309e7b0  ti_sysbios_knl_Task_Module__diagsIncluded__C                        
c309e7b4  ti_sysbios_knl_Task_Module__diagsMask__C                            
c309e7b8  ti_sysbios_knl_Task_Module__loggerFxn2__C                           
c309e7bc  ti_sysbios_knl_Task_Module__loggerFxn4__C                           
c309e7c0  ti_sysbios_knl_Task_Module__loggerObj__C                            
c309e7c4  ti_sysbios_knl_Task_Object__count__C                                
c309e7c8  ti_sysbios_knl_Task_allBlockedFunc__C                               
c309e7cc  ti_sysbios_knl_Task_numConstructedTasks__C                          
c309e7d0  ti_sysbios_timers_timer64_Timer_A_notAvailable__C                   
c309e7d4  ti_sysbios_timers_timer64_Timer_E_cannotSupport__C                  
c309e7d8  ti_sysbios_timers_timer64_Timer_Module__diagsEnabled__C             
c309e7dc  ti_sysbios_timers_timer64_Timer_Module__diagsIncluded__C            
c309e7e0  ti_sysbios_timers_timer64_Timer_Module__diagsMask__C                
c309e7e4  ti_sysbios_timers_timer64_Timer_anyMaskHigh__C                      
c309e7e8  ti_sysbios_timers_timer64_Timer_anyMask__C                          
c309e7ec  ti_sysbios_timers_timer64_Timer_freqDivisor__C                      
c309e7f0  ti_sysbios_timers_timer64_Timer_numLocalTimers__C                   
c309e7f4  ti_sysbios_timers_timer64_Timer_numTimerDevices__C                  
c309e7f8  xdc_runtime_Assert_E_assertFailed__C                                
c309e7fc  xdc_runtime_Core_A_initializedParams__C                             
c309e800  xdc_runtime_Core_Module__diagsEnabled__C                            
c309e804  xdc_runtime_Core_Module__diagsIncluded__C                           
c309e808  xdc_runtime_Core_Module__diagsMask__C                               
c309e80c  xdc_runtime_Error_E_generic__C                                      
c309e810  xdc_runtime_Error_E_memory__C                                       
c309e814  xdc_runtime_Error_Module__diagsEnabled__C                           
c309e818  xdc_runtime_Error_Module__diagsIncluded__C                          
c309e81c  xdc_runtime_Error_Module__diagsMask__C                              
c309e820  xdc_runtime_Error_Module__loggerFxn8__C                             
c309e824  xdc_runtime_Error_Module__loggerObj__C                              
c309e828  xdc_runtime_Error_policyFxn__C                                      
c309e82c  xdc_runtime_Error_policy__C                                         
c309e830  xdc_runtime_Error_raiseHook__C                                      
c309e834  xdc_runtime_IFilterLogger_Interface__BASE__C                        
c309e838  xdc_runtime_IGateProvider_Interface__BASE__C                        
c309e83c  xdc_runtime_IHeap_Interface__BASE__C                                
c309e840  xdc_runtime_ILogger_Interface__BASE__C                              
c309e844  xdc_runtime_IModule_Interface__BASE__C                              
c309e848  xdc_runtime_Log_L_error__C                                          
c309e84c  xdc_runtime_Log_L_info__C                                           
c309e850  xdc_runtime_LoggerBuf_E_badLevel__C                                 
c309e854  xdc_runtime_LoggerBuf_Module__gateObj__C                            
c309e858  xdc_runtime_LoggerBuf_Object__count__C                              
c309e85c  xdc_runtime_LoggerBuf_statusLogger__C                               
c309e860  xdc_runtime_Main_Module__diagsEnabled__C                            
c309e864  xdc_runtime_Main_Module__diagsIncluded__C                           
c309e868  xdc_runtime_Main_Module__diagsMask__C                               
c309e86c  xdc_runtime_Main_Module__loggerFxn4__C                              
c309e870  xdc_runtime_Main_Module__loggerObj__C                               
c309e874  xdc_runtime_Memory_defaultHeapInstance__C                           
c309e878  xdc_runtime_Startup_execImpl__C                                     
c309e87c  xdc_runtime_Startup_maxPasses__C                                    
c309e880  xdc_runtime_Startup_sfxnRts__C                                      
c309e884  xdc_runtime_Startup_sfxnTab__C                                      
c309e888  xdc_runtime_SysMin_bufSize__C                                       
c309e88c  xdc_runtime_SysMin_outputFunc__C                                    
c309e890  xdc_runtime_System_Module__gateObj__C                               
c309e894  xdc_runtime_System_abortFxn__C                                      
c309e898  xdc_runtime_System_exitFxn__C                                       
c309e89c  xdc_runtime_System_extendFxn__C                                     
c309e8a0  xdc_runtime_System_maxAtexitHandlers__C                             
c309e8a4  xdc_runtime_Text_charTab__C                                         
c309e8a8  xdc_runtime_Text_nameEmpty__C                                       
c309e8ac  xdc_runtime_Text_nameStatic__C                                      
c309e8b0  xdc_runtime_Text_nameUnknown__C                                     
c309e8b4  xdc_runtime_Text_nodeTab__C                                         
c309e8b8  xdc_runtime_Text_visitRopeFxn__C                                    
c309e8bc  ti_sysbios_family_c64p_EventCombiner_Module__id__C                  
c309e8be  ti_sysbios_family_c64p_Exception_Module__id__C                      
c309e8c0  ti_sysbios_family_c64p_Exception_useInternalBuffer__C               
c309e8c2  ti_sysbios_family_c64p_Hwi_Module__id__C                            
c309e8c4  ti_sysbios_family_c64p_Hwi_Module__loggerDefined__C                 
c309e8c6  ti_sysbios_gates_GateMutex_Module__id__C                            
c309e8c8  ti_sysbios_hal_Hwi_Module__id__C                                    
c309e8ca  ti_sysbios_heaps_HeapMem_Module__id__C                              
c309e8cc  ti_sysbios_io_DEV_Module__id__C                                     
c309e8ce  ti_sysbios_knl_Clock_Module__id__C                                  
c309e8d0  ti_sysbios_knl_Clock_Module__loggerDefined__C                       
c309e8d2  ti_sysbios_knl_Semaphore_Module__id__C                              
c309e8d4  ti_sysbios_knl_Semaphore_Module__loggerDefined__C                   
c309e8d6  ti_sysbios_knl_Swi_Module__id__C                                    
c309e8d8  ti_sysbios_knl_Swi_Module__loggerDefined__C                         
c309e8da  ti_sysbios_knl_Task_Module__id__C                                   
c309e8dc  ti_sysbios_knl_Task_Module__loggerDefined__C                        
c309e8de  ti_sysbios_timers_timer64_Timer_Module__id__C                       
c309e8e0  ti_sysbios_timers_timer64_Timer_startupNeeded__C                    
c309e8e2  ti_sysbios_timers_timer64_Timer_useTimer64pRegMap__C                
c309e8e4  xdc_runtime_Core_Module__id__C                                      
c309e8e6  xdc_runtime_Error_Module__loggerDefined__C                          
c309e8e8  xdc_runtime_Error_maxDepth__C                                       
c309e8ea  xdc_runtime_LoggerBuf_Module__id__C                                 
c309e8ec  xdc_runtime_LoggerBuf_filterByLevel__C                              
c309e8ee  xdc_runtime_Main_Module__id__C                                      
c309e8f0  xdc_runtime_Main_Module__loggerDefined__C                           
c309e8f2  xdc_runtime_Memory_Module__id__C                                    
c309e8f4  xdc_runtime_SysMin_flushAtExit__C                                   
c309e8f6  xdc_runtime_Text_charCnt__C                                         
c309e8f8  xdc_runtime_Text_isLoaded__C                                        
c309e8fa  xdc_runtime_Text_registryModsLastId__C                              
c309e8fc  xdc_runtime_Text_unnamedModsLastId__C                               
c309ea98  __CIOBUF_                                                           
c309ec00  ti_sysbios_family_c64p_Hwi0                                         
c309ec00  ti_sysbios_family_c64p_Hwi_int0                                     
c309ec20  ti_sysbios_family_c64p_Hwi_int1                                     
c309ec40  ti_sysbios_family_c64p_Hwi_int2                                     
c309ec60  ti_sysbios_family_c64p_Hwi_int3                                     
c309ec80  ti_sysbios_family_c64p_Hwi_int4                                     
c309eca0  ti_sysbios_family_c64p_Hwi_int5                                     
c309ecc0  ti_sysbios_family_c64p_Hwi_int6                                     
c309ece0  ti_sysbios_family_c64p_Hwi_int7                                     
c309ed00  ti_sysbios_family_c64p_Hwi_int8                                     
c309ed20  ti_sysbios_family_c64p_Hwi_int9                                     
c309ed40  ti_sysbios_family_c64p_Hwi_int10                                    
c309ed60  ti_sysbios_family_c64p_Hwi_int11                                    
c309ed80  ti_sysbios_family_c64p_Hwi_int12                                    
c309eda0  ti_sysbios_family_c64p_Hwi_int13                                    
c309edc0  ti_sysbios_family_c64p_Hwi_int14                                    
c309ede0  ti_sysbios_family_c64p_Hwi_int15                                    
c309ee00  __TI_STATIC_BASE                                                    
c309ee00  dsp_num                                                             
c309ee04  hAicChannel                                                         
c309ee08  hAicDev                                                             
c309ee0c  hEdma                                                               
c309ee10  hMcaspDev                                                           
c309ee14  hMcaspRxChan                                                        
c309ee18  hMcaspTxChan                                                        
c309ee1c  region_id                                                           
c309ee20  semR                                                                
c309ee24  semT                                                                
c309ee28  rxFrameIndex                                                        
c309ee2c  txFrameIndex                                                        
c309ee30  RxFlag                                                              
c309ee34  TxFlag                                                              
c309ee38  mcaspApiTest                                                        
c309ee3c  gblErrFlagXmt                                                       
c309ee40  gblErrFlagRcv                                                       
c309ee44  gtxFrameIndexCount                                                  
c309ee48  grxFrameIndexCount                                                  
c309ee4c  total_frames_sent                                                   
c309ee50  gOsalSemAllocCnt                                                    
c309ee54  gOsalSemPeak                                                        
c309ee58  gOsalTimerAllocCnt                                                  
c309ee5c  gOsalTimerPeak                                                      
c309ee60  gOsalHwiAllocCnt                                                    
c309ee64  gOsalHwiPeak                                                        
c309ee68  dataIdx                                                             
c309ee6c  txCompFlag                                                          
c309ee70  I2C_handle_glob                                                     
c309ee74  I2C_slaveAddr                                                       
c309ee80  inCount                                                             
c309ee84  outCount                                                            
c309ee90  myHeap                                                              
c309ee94  task0                                                               
c309ee98  numEdma3Instances                                                   
c309ee9c  numDsps                                                             
c309eea0  EDMA3_MAX_RM_INSTANCES                                              
c30a02c8  __TI_Handler_Table_Base                                             
c30a02d0  __TI_CINIT_Base                                                     
c30a02d0  __TI_Handler_Table_Limit                                            
c30a0300  __TI_CINIT_Limit                                                    
ffffffff  __TI_pprof_out_hndl                                                 
ffffffff  __TI_prof_data_size                                                 
ffffffff  __TI_prof_data_start                                                
ffffffff  __binit__                                                           
ffffffff  __c_args__                                                          
ffffffff  binit                                                               
UNDEFED   __TI_INITARRAY_Base                                                 
UNDEFED   __TI_INITARRAY_Limit                                                
UNDEFED   __TI_TLS_INIT_Base                                                  
UNDEFED   __TI_TLS_INIT_Limit                                                 

[1067 symbols]
